###############################################################################
#
# IAR ELF Linker V2.20.1.176 for STM8                     14/Jan/2020  17:47:29
# Copyright 2010-2015 IAR Systems AB.
#
#    Output file  =  
#        C:\Users\Administrator\Desktop\24l01\host\pro\Debug\Exe\24l01.out
#    Map file     =  
#        C:\Users\Administrator\Desktop\24l01\host\pro\Debug\List\24l01.map
#    Command line =  
#        C:\Users\Administrator\Desktop\24l01\host\pro\Debug\Obj\app.o
#        C:\Users\Administrator\Desktop\24l01\host\pro\Debug\Obj\bsp_key.o
#        C:\Users\Administrator\Desktop\24l01\host\pro\Debug\Obj\main.o
#        C:\Users\Administrator\Desktop\24l01\host\pro\Debug\Obj\NRF24L01.o
#        C:\Users\Administrator\Desktop\24l01\host\pro\Debug\Obj\port_key.o
#        C:\Users\Administrator\Desktop\24l01\host\pro\Debug\Obj\stm8s_clk.o
#        C:\Users\Administrator\Desktop\24l01\host\pro\Debug\Obj\stm8s_gpio.o
#        C:\Users\Administrator\Desktop\24l01\host\pro\Debug\Obj\stm8s_it.o
#        C:\Users\Administrator\Desktop\24l01\host\pro\Debug\Obj\stm8s_iwdg.o
#        C:\Users\Administrator\Desktop\24l01\host\pro\Debug\Obj\stm8s_tim1.o
#        C:\Users\Administrator\Desktop\24l01\host\pro\Debug\Obj\stm8s_tim4.o
#        C:\Users\Administrator\Desktop\24l01\host\pro\Debug\Obj\stm8s_uart1.o
#        C:\Users\Administrator\Desktop\24l01\host\pro\Debug\Obj\TimeOut.o
#        --redirect _Printf=_PrintfSmall --redirect _Scanf=_ScanfSmall -o
#        C:\Users\Administrator\Desktop\24l01\host\pro\Debug\Exe\24l01.out
#        --map
#        C:\Users\Administrator\Desktop\24l01\host\pro\Debug\List\24l01.map
#        --config "D:\Program Files (x86)\IAR Systems\Embedded Workbench
#        7.3\stm8\config\lnkstm8s103f3.icf" --config_def _CSTACK_SIZE=0x100
#        --config_def _HEAP_SIZE=0x100 --entry __iar_program_start --debug_lib
#
###############################################################################

*******************************************************************************
*** RUNTIME MODEL ATTRIBUTES
***

__SystemLibrary            = DLib
__code_model               = small
__core                     = stm8
__data_model               = medium
__dlib_file_descriptor     = 0
__dlib_full_locale_support = 0
__rt_version               = 4


*******************************************************************************
*** PLACEMENT SUMMARY
***

"A1":  place at start of [0x000000-0x0000ff] { rw section .vregs };
"A2":  place at end of [0x000000-0x0003ff] { block CSTACK };
"P2":  place in [from 0x000000 to 0x0003ff] {
          block HEAP, rw section __DLIB_PERTHREAD, rw section .far.bss,
          rw section .far.data, rw section .far.noinit,
          rw section .far_func.textrw, rw section .huge.bss,
          rw section .huge.data, rw section .huge.noinit,
          rw section .huge_func.textrw, rw section .iar.dynexit,
          rw section .near.bss, rw section .near.data, rw section .near.noinit,
          rw section .near_func.textrw };
"A3":  place at start of [0x008000-0x009fff] { block INTVEC };
"P3":  place in [from 0x008000 to 0x009fff] {
          ro section __DLIB_PERTHREAD_init, ro section .far.data_init,
          ro section .far_func.textrw_init, ro section .huge.data_init,
          ro section .huge_func.textrw_init, ro section .iar.init_table,
          ro section .init_array, ro section .near.data_init,
          ro section .near.rodata, ro section .near_func.text,
          ro section .near_func.textrw_init, ro section .tiny.data_init,
          ro section .tiny.rodata_init };

  Section            Kind      Address    Size  Object
  -------            ----      -------    ----  ------
"A1":                                     0x10
  .vregs             uninit   0x000000    0x10  vregs.o [4]
                            - 0x000010    0x10

"P2":                                     0x39
  P2-1                        0x000010    0x39  <Init block>
    .near.data       inited   0x000010     0x1  app.o [1]
    .near.data       inited   0x000011     0x1  bsp_key.o [1]
    .near.data       inited   0x000012     0xf  bsp_key.o [1]
    .near.data       inited   0x000021     0x5  NRF24L01.o [1]
    .near.data       inited   0x000026     0x5  NRF24L01.o [1]
    .near.data       inited   0x00002b     0x1  NRF24L01.o [1]
    .near.data       inited   0x00002c     0x6  port_key.o [1]
    .near.bss        inited   0x000032     0x1  app.o [1]
    .near.bss        inited   0x000033     0x1  app.o [1]
    .near.bss        inited   0x000034     0x5  app.o [1]
    .near.bss        inited   0x000039     0x5  app.o [1]
    .near.bss        inited   0x00003e     0x1  bsp_key.o [1]
    .near.bss        inited   0x00003f     0x4  bsp_key.o [1]
    .near.bss        inited   0x000043     0x4  bsp_key.o [1]
    .near.bss        inited   0x000047     0x2  TimeOut.o [1]
                            - 0x000049    0x39

"A2":                                    0x100
  CSTACK                      0x000300   0x100  <Block>
    CSTACK           uninit   0x000300   0x100  <Block tail>
                            - 0x000400   0x100

"A3":                                     0x80
  INTVEC                      0x008000    0x80  <Block>
    .intvec          const    0x008000    0x80  interrupt.o [4]
                            - 0x008080    0x80

"P3":                                   0x1274
  .near_func.text    ro code  0x008080   0x226  stm8s_uart1.o [1]
  .near_func.text    ro code  0x0082a6   0x12b  long.o [4]
  .near_func.text    ro code  0x0083d1   0x124  bsp_key.o [1]
  .near_func.text    ro code  0x0084f5   0x114  stm8s_gpio.o [1]
  .near_func.text    ro code  0x008609   0x105  vreg_util.o [4]
  .near_func.text    ro code  0x00870e    0xc4  app.o [1]
  .near_func.text    ro code  0x0087d2    0x9e  stm8s_uart1.o [1]
  .near_func.text    ro code  0x008870    0x8b  stm8s_clk.o [1]
  .near_func.text    ro code  0x0088fb    0x71  NRF24L01.o [1]
  .near_func.text    ro code  0x00896c    0x70  NRF24L01.o [1]
  .near_func.text    ro code  0x0089dc    0x63  NRF24L01.o [1]
  .near_func.text    ro code  0x008a3f    0x5f  NRF24L01.o [1]
  .near_func.text    ro code  0x008a9e    0x58  NRF24L01.o [1]
  .near.rodata       const    0x008af6    0x57  stm8s_uart1.o [1]
  .near_func.text    ro code  0x008b4d    0x57  stm8s_clk.o [1]
  .near.rodata       const    0x008ba4    0x56  stm8s_gpio.o [1]
  .near.rodata       const    0x008bfa    0x56  stm8s_tim4.o [1]
  .near.rodata       const    0x008c50    0x55  stm8s_clk.o [1]
  .near_func.text    ro code  0x008ca5    0x53  NRF24L01.o [1]
  .near_func.text    ro code  0x008cf8    0x51  stm8s_tim4.o [1]
  .near_func.text    ro code  0x008d49    0x50  NRF24L01.o [1]
  .near_func.text    ro code  0x008d99    0x50  stm8s_tim4.o [1]
  .near_func.text    ro code  0x008de9    0x4a  port_key.o [1]
  .near_func.text    ro code  0x008e33    0x49  NRF24L01.o [1]
  .near_func.text    ro code  0x008e7c    0x47  long_util.o [4]
  .near_func.text    ro code  0x008ec3    0x40  port_key.o [1]
  .near_func.text    ro code  0x008f03    0x3e  NRF24L01.o [1]
  Initializer bytes  const    0x008f41    0x39  <for P2-1>
  .near.rodata       const    0x008f7a    0x37  app.o [1]
  .near_func.text    ro code  0x008fb1    0x36  stm8s_uart1.o [1]
  .near_func.text    ro code  0x008fe7    0x2f  stm8s_tim4.o [1]
  .near_func.text    ro code  0x009016    0x2d  stm8s_uart1.o [1]
  .near_func.text    ro code  0x009043    0x29  NRF24L01.o [1]
  .near_func.text    ro code  0x00906c    0x28  init_small.o [4]
  .near_func.text    ro code  0x009094    0x26  app.o [1]
  .near_func.text    ro code  0x0090ba    0x26  NRF24L01.o [1]
  .near_func.text    ro code  0x0090e0    0x25  dc_util.o [4]
  .near_func.text    ro code  0x009105    0x24  stm8s_tim4.o [1]
  .near_func.text    ro code  0x009129    0x24  stm8s_tim4.o [1]
  .near_func.text    ro code  0x00914d    0x23  short.o [4]
  .iar.init_table    const    0x009170     0xa  - Linker created -
  .near_func.text    ro code  0x00917a    0x20  app.o [1]
  .near_func.text    ro code  0x00919a    0x1f  TimeOut.o [1]
  .near_func.text    ro code  0x0091b9    0x1c  app.o [1]
  .near_func.text    ro code  0x0091d5    0x1b  stm8s_it.o [1]
  .near_func.text    ro code  0x0091f0    0x1b  TimeOut.o [1]
  .near_func.text    ro code  0x00920b    0x19  stm8s_it.o [1]
  .near_func.text    ro code  0x009224    0x17  init.o [4]
  .near_func.text    ro code  0x00923b    0x14  __dbg_xxexit.o [3]
  .near_func.text    ro code  0x00924f    0x13  cstartup.o [4]
  .near_func.text    ro code  0x009262     0xd  stm8s_uart1.o [1]
  .near_func.text    ro code  0x00926f     0xd  move.o [4]
  .near_func.text    ro code  0x00927c     0x9  NRF24L01.o [1]
  .near_func.text    ro code  0x009285     0x9  stm8s_gpio.o [1]
  .near_func.text    ro code  0x00928e     0x8  bsp_key.o [1]
  .near_func.text    ro code  0x009296     0x8  main.o [1]
  .near_func.text    ro code  0x00929e     0x8  TimeOut.o [1]
  .near_func.text    ro code  0x0092a6     0x7  stm8s_gpio.o [1]
  .near_func.text    ro code  0x0092ad     0x7  stm8s_gpio.o [1]
  .near.rodata       const    0x0092b4     0x5  NRF24L01.o [1]
  .near_func.text    ro code  0x0092b9     0x5  TimeOut.o [1]
  .near_func.text    ro code  0x0092be     0x5  cexit.o [4]
  .near.rodata       const    0x0092c3     0x4  stm8s_clk.o [1]
  .near_func.text    ro code  0x0092c7     0x4  stm8s_gpio.o [1]
  .near_func.text    ro code  0x0092cb     0x4  stm8s_uart1.o [1]
  .near_func.text    ro code  0x0092cf     0x4  TimeOut.o [1]
  .near_func.text    ro code  0x0092d3     0x3  interrupt.o [4]
  .near_func.text    ro code  0x0092d6     0x3  low_level_init.o [4]
  .near_func.text    ro code  0x0092d9     0x3  exit.o [4]
  .near_func.text    ro code  0x0092dc     0x3  unhandled_exception.o [4]
  .near_func.text    ro code  0x0092df     0x2  main.o [1]
  .near_func.text    ro code  0x0092e1     0x1  stm8s_it.o [1]
  .near_func.text    ro code  0x0092e2     0x1  stm8s_it.o [1]
  .near_func.text    ro code  0x0092e3     0x1  stm8s_it.o [1]
  .near_func.text    ro code  0x0092e4     0x1  stm8s_it.o [1]
  .near_func.text    ro code  0x0092e5     0x1  stm8s_it.o [1]
  .near_func.text    ro code  0x0092e6     0x1  stm8s_it.o [1]
  .near_func.text    ro code  0x0092e7     0x1  stm8s_it.o [1]
  .near_func.text    ro code  0x0092e8     0x1  stm8s_it.o [1]
  .near_func.text    ro code  0x0092e9     0x1  stm8s_it.o [1]
  .near_func.text    ro code  0x0092ea     0x1  stm8s_it.o [1]
  .near_func.text    ro code  0x0092eb     0x1  stm8s_it.o [1]
  .near_func.text    ro code  0x0092ec     0x1  stm8s_it.o [1]
  .near_func.text    ro code  0x0092ed     0x1  stm8s_it.o [1]
  .near_func.text    ro code  0x0092ee     0x1  stm8s_it.o [1]
  .near_func.text    ro code  0x0092ef     0x1  stm8s_it.o [1]
  .near_func.text    ro code  0x0092f0     0x1  stm8s_it.o [1]
  .near_func.text    ro code  0x0092f1     0x1  stm8s_it.o [1]
  .near_func.text    ro code  0x0092f2     0x1  stm8s_it.o [1]
  .near_func.text    ro code  0x0092f3     0x1  __dbg_break.o [3]
                            - 0x0092f4  0x1274


*******************************************************************************
*** INIT TABLE
***

          Address   Size
          -------   ----
Copy (__iar_copy_init2)
    1 source range, total size 0x39:
          0x008f41  0x39
    1 destination range, total size 0x39:
          0x000010  0x39



*******************************************************************************
*** MODULE SUMMARY
***

    Module                 ro code  ro data  rw data
    ------                 -------  -------  -------
C:\Users\Administrator\Desktop\24l01\host\pro\Debug\Obj: [1]
    NRF24L01.o                 893       16       11
    TimeOut.o                   75        2        2
    app.o                      294       68       13
    bsp_key.o                  300       25       25
    main.o                      10
    port_key.o                 138        6        6
    stm8s_clk.o                226       89
    stm8s_gpio.o               303       86
    stm8s_it.o                  70
    stm8s_tim4.o               280       86
    stm8s_uart1.o              824       87
    ------------------------------------------------
    Total:                   3 413      465       57

command line: [2]
    ------------------------------------------------
    Total:

dbgstm8smd.a: [3]
    __dbg_break.o                1
    __dbg_xxexit.o              20
    ------------------------------------------------
    Total:                      21

dlstm8smn.a: [4]
    cexit.o                      5
    cstartup.o                  19
    dc_util.o                   37
    exit.o                       3
    init.o                      23
    init_small.o                40
    interrupt.o                  3      128
    long.o                     299
    long_util.o                 71
    low_level_init.o             3
    move.o                      13
    short.o                     35
    unhandled_exception.o        3
    vreg_util.o                261
    vregs.o                                       16
    ------------------------------------------------
    Total:                     815      128       16

    Linker created                       10      256
----------------------------------------------------
    Grand Total:             4 249      603      329


*******************************************************************************
*** ENTRY LIST
***

Entry                    Address   Size  Type      Object
-----                    -------   ----  ----      ------
.iar.init_table$$Base   0x009170          --   Gb  - Linker created -
.iar.init_table$$Limit  0x00917a          --   Gb  - Linker created -
?b0                     0x000000         Data  Gb  vregs.o [4]
?b1                     0x000001         Data  Gb  vregs.o [4]
?b10                    0x00000a         Data  Gb  vregs.o [4]
?b11                    0x00000b         Data  Gb  vregs.o [4]
?b12                    0x00000c         Data  Gb  vregs.o [4]
?b13                    0x00000d         Data  Gb  vregs.o [4]
?b14                    0x00000e         Data  Gb  vregs.o [4]
?b15                    0x00000f         Data  Gb  vregs.o [4]
?b2                     0x000002         Data  Gb  vregs.o [4]
?b3                     0x000003         Data  Gb  vregs.o [4]
?b4                     0x000004         Data  Gb  vregs.o [4]
?b5                     0x000005         Data  Gb  vregs.o [4]
?b6                     0x000006         Data  Gb  vregs.o [4]
?b7                     0x000007         Data  Gb  vregs.o [4]
?b8                     0x000008         Data  Gb  vregs.o [4]
?b9                     0x000009         Data  Gb  vregs.o [4]
?dc32_l0                0x0090e0         Code  Gb  dc_util.o [4]
?dc32_l1                0x0090ed         Code  Gb  dc_util.o [4]
?dc32_px                0x0090fa         Code  Gb  dc_util.o [4]
?e0                     0x000001         Data  Gb  vregs.o [4]
?e1                     0x000005         Data  Gb  vregs.o [4]
?e2                     0x000009         Data  Gb  vregs.o [4]
?e3                     0x00000d         Data  Gb  vregs.o [4]
?epilogue_l2            0x0086a4         Code  Gb  vreg_util.o [4]
?epilogue_l2_l3         0x0086a1         Code  Gb  vreg_util.o [4]
?epilogue_l2_w6         0x0086a8         Code  Gb  vreg_util.o [4]
?epilogue_w4            0x0086af         Code  Gb  vreg_util.o [4]
?l0                     0x000000         Data  Gb  vregs.o [4]
?l1                     0x000004         Data  Gb  vregs.o [4]
?l2                     0x000008         Data  Gb  vregs.o [4]
?l3                     0x00000c         Data  Gb  vregs.o [4]
?load32_0x_l0           0x008eb5         Code  Gb  long_util.o [4]
?load32_asp_l0          0x008ea9         Code  Gb  long_util.o [4]
?load32_dbsp_l0         0x008ea4         Code  Gb  long_util.o [4]
?load32_l0_0x           0x008e8c         Code  Gb  long_util.o [4]
?load32_l0_asp          0x008e81         Code  Gb  long_util.o [4]
?load32_l0_dbsp         0x008e7c         Code  Gb  long_util.o [4]
?load32_l0_xsp          0x008e83         Code  Gb  long_util.o [4]
?load32_l1_0x           0x008e98         Code  Gb  long_util.o [4]
?load32_xsp_l0          0x008eab         Code  Gb  long_util.o [4]
?mov_e0_e2              0x0086b6         Code  Gb  vreg_util.o [4]
?mov_e0_e3              0x0086c3         Code  Gb  vreg_util.o [4]
?mov_e1_e0              0x0086d0         Code  Gb  vreg_util.o [4]
?mov_e1_e2              0x0086dd         Code  Gb  vreg_util.o [4]
?mov_e1_e3              0x0086ea         Code  Gb  vreg_util.o [4]
?mov_e2_e0              0x0086f7         Code  Gb  vreg_util.o [4]
?mov_e3_e0              0x008704         Code  Gb  vreg_util.o [4]
?mov_l0_l2              0x0086b3         Code  Gb  vreg_util.o [4]
?mov_l0_l3              0x0086c0         Code  Gb  vreg_util.o [4]
?mov_l1_l0              0x0086cd         Code  Gb  vreg_util.o [4]
?mov_l1_l2              0x0086da         Code  Gb  vreg_util.o [4]
?mov_l1_l3              0x0086e7         Code  Gb  vreg_util.o [4]
?mov_l2_l0              0x0086f4         Code  Gb  vreg_util.o [4]
?mov_l3_l0              0x008701         Code  Gb  vreg_util.o [4]
?mov_w1_w5              0x0086b9         Code  Gb  vreg_util.o [4]
?mov_w1_w7              0x0086c6         Code  Gb  vreg_util.o [4]
?mov_w3_w1              0x0086d3         Code  Gb  vreg_util.o [4]
?mov_w3_w5              0x0086e0         Code  Gb  vreg_util.o [4]
?mov_w3_w7              0x0086ed         Code  Gb  vreg_util.o [4]
?mov_w5_w1              0x0086fa         Code  Gb  vreg_util.o [4]
?mov_w7_w1              0x008707         Code  Gb  vreg_util.o [4]
?move1616_v_x_y_a       0x00926f         Code  Gb  move.o [4]
?mul16_x_x_w0           0x00914d         Code  Gb  short.o [4]
?mul32_l0_l0_0x         0x0082c4         Code  Gb  long.o [4]
?mul32_l0_l0_dl         0x0082c1         Code  Gb  long.o [4]
?mul32_l0_l0_l1         0x0082cd         Code  Gb  long.o [4]
?pop_l0                 0x00866d         Code  Gb  vreg_util.o [4]
?pop_l1                 0x008678         Code  Gb  vreg_util.o [4]
?pop_l2                 0x008683         Code  Gb  vreg_util.o [4]
?pop_l3                 0x00868e         Code  Gb  vreg_util.o [4]
?pop_w4                 0x008626         Code  Gb  vreg_util.o [4]
?pop_w6                 0x00862d         Code  Gb  vreg_util.o [4]
?push_l0                0x00863c         Code  Gb  vreg_util.o [4]
?push_l1                0x008641         Code  Gb  vreg_util.o [4]
?push_l2                0x008646         Code  Gb  vreg_util.o [4]
?push_l3                0x00864b         Code  Gb  vreg_util.o [4]
?push_w4                0x008609         Code  Gb  vreg_util.o [4]
?push_w6                0x00860e         Code  Gb  vreg_util.o [4]
?sll32_0x_0x_a          0x0083c3         Code  Gb  long.o [4]
?sll32_l0_l0_a          0x0083c0         Code  Gb  long.o [4]
?srl16_x_x_4            0x00916b         Code  Gb  short.o [4]
?sub32_l0_l0_0x         0x0082a9         Code  Gb  long.o [4]
?sub32_l0_l0_l1         0x0082a6         Code  Gb  long.o [4]
?udiv32_l0_dl_l1        0x00834b         Code  Gb  long.o [4]
?udiv32_l0_l0_dl        0x008350         Code  Gb  long.o [4]
?udiv32_l0_l0_l1        0x008353         Code  Gb  long.o [4]
?umod32_l1_l0_l1        0x008353         Code  Gb  long.o [4]
?w0                     0x000000         Data  Gb  vregs.o [4]
?w1                     0x000002         Data  Gb  vregs.o [4]
?w2                     0x000004         Data  Gb  vregs.o [4]
?w3                     0x000006         Data  Gb  vregs.o [4]
?w4                     0x000008         Data  Gb  vregs.o [4]
?w5                     0x00000a         Data  Gb  vregs.o [4]
?w6                     0x00000c         Data  Gb  vregs.o [4]
?w7                     0x00000e         Data  Gb  vregs.o [4]
ADC1_IRQHandler         0x0092f1    0x1  Code  Gb  stm8s_it.o [1]
AWU_IRQHandler          0x0092e3    0x1  Code  Gb  stm8s_it.o [1]
App_Handle              0x0087bb   0x17  Code  Gb  app.o [1]
App_Init                0x008788   0x33  Code  Gb  app.o [1]
Bsp_Key_Init            0x00928e    0x8  Code  Gb  bsp_key.o [1]
Bsp_Key_Scan            0x0083d1  0x124  Code  Gb  bsp_key.o [1]
CLK_GetClockFreq        0x008b4d   0x57  Code  Gb  stm8s_clk.o [1]
CLK_IRQHandler          0x0092e4    0x1  Code  Gb  stm8s_it.o [1]
CLK_SYSCLKConfig        0x008870   0x8b  Code  Gb  stm8s_clk.o [1]
CSTACK$$Base            0x000300          --   Gb  - Linker created -
CSTACK$$Limit           0x000400          --   Gb  - Linker created -
Debug_Cfg               0x009094   0x26  Code  Gb  app.o [1]
Delay                   0x00927c    0x9  Code  Gb  NRF24L01.o [1]
EEPROM_EEC_IRQHandler   0x0092f2    0x1  Code  Gb  stm8s_it.o [1]
EXTI_PORTA_IRQHandler   0x0092e5    0x1  Code  Gb  stm8s_it.o [1]
EXTI_PORTB_IRQHandler   0x0092e6    0x1  Code  Gb  stm8s_it.o [1]
EXTI_PORTC_IRQHandler   0x0092e7    0x1  Code  Gb  stm8s_it.o [1]
EXTI_PORTD_IRQHandler   0x0092e8    0x1  Code  Gb  stm8s_it.o [1]
EXTI_PORTE_IRQHandler   0x0092e9    0x1  Code  Gb  stm8s_it.o [1]
GPIO_Init               0x0084f5  0x114  Code  Gb  stm8s_gpio.o [1]
GPIO_ReadInputPin       0x009285    0x9  Code  Gb  stm8s_gpio.o [1]
GPIO_WriteHigh          0x0092a6    0x7  Code  Gb  stm8s_gpio.o [1]
GPIO_WriteLow           0x0092c7    0x4  Code  Gb  stm8s_gpio.o [1]
GPIO_WriteReverse       0x0092ad    0x7  Code  Gb  stm8s_gpio.o [1]
HSIDivFactor            0x0092c3    0x4  Data  Gb  stm8s_clk.o [1]
I2C_IRQHandler          0x0092f0    0x1  Code  Gb  stm8s_it.o [1]
INTVEC$$Base            0x008000          --   Gb  - Linker created -
INTVEC$$Limit           0x008080          --   Gb  - Linker created -
Init_NRF24L01           0x00896c   0x70  Code  Gb  NRF24L01.o [1]
InsBaseNum              0x000047    0x2  Data  Gb  TimeOut.o [1]
KeyEvent                0x000012    0xf  Data  Lc  bsp_key.o [1]
Mode                    0x000010    0x1  Data  Gb  app.o [1]
NRF24L01_Check          0x008a9e   0x58  Code  Gb  NRF24L01.o [1]
NRF24L01_DataHdl        0x00870e   0x7a  Code  Gb  app.o [1]
NRF24L01_Read_Buf       0x008d49   0x50  Code  Gb  NRF24L01.o [1]
NRF24L01_Read_Reg       0x0090ba   0x26  Code  Gb  NRF24L01.o [1]
NRF24L01_RxPacket       0x008f03   0x3e  Code  Gb  NRF24L01.o [1]
NRF24L01_TxPacket       0x0089dc   0x63  Code  Gb  NRF24L01.o [1]
NRF24L01_Write_Buf      0x008e33   0x49  Code  Gb  NRF24L01.o [1]
NRF24L01_Write_Reg      0x009043   0x29  Code  Gb  NRF24L01.o [1]
Port_Get_KeyIndex       0x008ec3   0x40  Code  Gb  port_key.o [1]
Port_Key_Init           0x008de9   0x4a  Code  Gb  port_key.o [1]
RX_ADDRESS              0x000026    0x5  Data  Gb  NRF24L01.o [1]
RX_Mode                 0x008ca5   0x53  Code  Gb  NRF24L01.o [1]
Region$$Table$$Base     0x009170          --   Gb  - Linker created -
Region$$Table$$Limit    0x00917a          --   Gb  - Linker created -
Rx_Cnt                  0x000033    0x1  Data  Gb  app.o [1]
SPI_IRQHandler          0x0092ea    0x1  Code  Gb  stm8s_it.o [1]
SPI_ReadWriteByte       0x0088fb   0x71  Code  Gb  NRF24L01.o [1]
TIM1_CAP_COM_IRQHandler
                        0x0092ec    0x1  Code  Gb  stm8s_it.o [1]
TIM1_UPD_OVF_TRG_BRK_IRQHandler
                        0x0092eb    0x1  Code  Gb  stm8s_it.o [1]
TIM2_CAP_COM_IRQHandler
                        0x0092ee    0x1  Code  Gb  stm8s_it.o [1]
TIM2_UPD_OVF_BRK_IRQHandler
                        0x0092ed    0x1  Code  Gb  stm8s_it.o [1]
TIM4_ClearFlag          0x009105   0x24  Code  Gb  stm8s_tim4.o [1]
TIM4_ClearITPendingBit  0x009129   0x24  Code  Gb  stm8s_tim4.o [1]
TIM4_Cmd                0x008fe7   0x2f  Code  Gb  stm8s_tim4.o [1]
TIM4_ITConfig           0x008d99   0x50  Code  Gb  stm8s_tim4.o [1]
TIM4_TimeBaseInit       0x008cf8   0x51  Code  Gb  stm8s_tim4.o [1]
TIM4_UPD_OVF_IRQHandler
                        0x0091d5   0x1b  Code  Gb  stm8s_it.o [1]
TLI_IRQHandler          0x0092e2    0x1  Code  Gb  stm8s_it.o [1]
TRAP_IRQHandler         0x0092e1    0x1  Code  Gb  stm8s_it.o [1]
TX_ADDRESS              0x000021    0x5  Data  Gb  NRF24L01.o [1]
TX_Mode                 0x008a3f   0x5f  Code  Gb  NRF24L01.o [1]
TimeOutDet_Check        0x00919a   0x1f  Code  Gb  TimeOut.o [1]
TimeOutDet_DecHandle    0x00929e    0x8  Code  Gb  TimeOut.o [1]
TimeOutDet_Init         0x0092b9    0x5  Code  Gb  TimeOut.o [1]
TimeOut_BaseValue       0x0092cf    0x4  Code  Gb  TimeOut.o [1]
TimeOut_Record          0x0091f0   0x1b  Code  Gb  TimeOut.o [1]
Timer_Init              0x0091b9   0x1c  Code  Lc  app.o [1]
Tx_Cnt                  0x000032    0x1  Data  Gb  app.o [1]
UART1_ClearITPendingBit
                        0x008fb1   0x36  Code  Gb  stm8s_uart1.o [1]
UART1_Cmd               0x009262    0xd  Code  Gb  stm8s_uart1.o [1]
UART1_DeInit            0x009016   0x2d  Code  Gb  stm8s_uart1.o [1]
UART1_GetFlagStatus     0x0087d2   0x9e  Code  Gb  stm8s_uart1.o [1]
UART1_Init              0x008080  0x226  Code  Gb  stm8s_uart1.o [1]
UART1_RX_IRQHandler     0x0092ef    0x1  Code  Gb  stm8s_it.o [1]
UART1_SendData8         0x0092cb    0x4  Code  Gb  stm8s_uart1.o [1]
UART1_TX_IRQHandler     0x00920b   0x19  Code  Gb  stm8s_it.o [1]
Uart_Init               0x00917a   0x20  Code  Lc  app.o [1]
__DebugBreak            0x0092f3    0x1  Code  Gb  __dbg_break.o [3]
__exit                  0x00923b   0x14  Code  Gb  __dbg_xxexit.o [3]
__iar_copy_init2        0x00906c         Code  Gb  init_small.o [4]
__iar_data_init2        0x009224   0x17  Code  Gb  init.o [4]
__iar_program_start     0x00924f         Code  Gb  cstartup.o [4]
__iar_unhandled_exception
                        0x0092dc         Code  Gb  unhandled_exception.o [4]
__intvec                0x008000         Data  Gb  interrupt.o [4]
__low_level_init        0x0092d6    0x3  Code  Gb  low_level_init.o [4]
_exit                   0x0092be         Code  Gb  cexit.o [4]
_interrupt_1            0x0092e1         Code  Gb  stm8s_it.o [1]
_interrupt_12           0x0092ea         Code  Gb  stm8s_it.o [1]
_interrupt_13           0x0092eb         Code  Gb  stm8s_it.o [1]
_interrupt_14           0x0092ec         Code  Gb  stm8s_it.o [1]
_interrupt_15           0x0092ed         Code  Gb  stm8s_it.o [1]
_interrupt_16           0x0092ee         Code  Gb  stm8s_it.o [1]
_interrupt_19           0x00920b         Code  Gb  stm8s_it.o [1]
_interrupt_2            0x0092e2         Code  Gb  stm8s_it.o [1]
_interrupt_20           0x0092ef         Code  Gb  stm8s_it.o [1]
_interrupt_21           0x0092f0         Code  Gb  stm8s_it.o [1]
_interrupt_24           0x0092f1         Code  Gb  stm8s_it.o [1]
_interrupt_25           0x0091d5         Code  Gb  stm8s_it.o [1]
_interrupt_26           0x0092f2         Code  Gb  stm8s_it.o [1]
_interrupt_3            0x0092e3         Code  Gb  stm8s_it.o [1]
_interrupt_4            0x0092e4         Code  Gb  stm8s_it.o [1]
_interrupt_5            0x0092e5         Code  Gb  stm8s_it.o [1]
_interrupt_6            0x0092e6         Code  Gb  stm8s_it.o [1]
_interrupt_7            0x0092e7         Code  Gb  stm8s_it.o [1]
_interrupt_8            0x0092e8         Code  Gb  stm8s_it.o [1]
_interrupt_9            0x0092e9         Code  Gb  stm8s_it.o [1]
assert_failed           0x0092df    0x2  Code  Gb  main.o [1]
channal                 0x00002b    0x1  Data  Gb  NRF24L01.o [1]
exit                    0x0092d9    0x3  Code  Gb  exit.o [4]
key_info                0x00002c    0x6  Data  Lc  port_key.o [1]
key_sta                 0x00003e    0x1  Data  Lc  bsp_key.o [1]
last_key_index          0x000011    0x1  Data  Lc  bsp_key.o [1]
main                    0x009296    0x8  Code  Gb  main.o [1]
scan_timer              0x000043    0x4  Data  Lc  bsp_key.o [1]
tmp_buf_Rx              0x000039    0x5  Data  Gb  app.o [1]
tmp_buf_Tx              0x000034    0x5  Data  Gb  app.o [1]
wait_timer              0x00003f    0x4  Data  Lc  bsp_key.o [1]


[1] = C:\Users\Administrator\Desktop\24l01\host\pro\Debug\Obj
[2] = command line
[3] = dbgstm8smd.a
[4] = dlstm8smn.a

  4 249 bytes of readonly  code memory
    603 bytes of readonly  data memory
    329 bytes of readwrite data memory

Errors: none
Warnings: none
