###############################################################################
#
# IAR ELF Linker V3.11.1.207 for STM8                     28/Dec/2019  21:33:52
# Copyright 2010-2019 IAR Systems AB.
#
#    Output file  =  F:\24l01\software\pro\Debug\Exe\24l01.out
#    Map file     =  F:\24l01\software\pro\Debug\List\24l01.map
#    Command line =  
#        -f C:\Users\ADMINI~1\AppData\Local\Temp\EWF94C.tmp
#        (F:\24l01\software\pro\Debug\Obj\app.o
#        F:\24l01\software\pro\Debug\Obj\main.o
#        F:\24l01\software\pro\Debug\Obj\nrf24l01.o
#        F:\24l01\software\pro\Debug\Obj\stm8s_clk.o
#        F:\24l01\software\pro\Debug\Obj\stm8s_gpio.o
#        F:\24l01\software\pro\Debug\Obj\stm8s_it.o
#        F:\24l01\software\pro\Debug\Obj\stm8s_iwdg.o
#        F:\24l01\software\pro\Debug\Obj\stm8s_tim1.o
#        F:\24l01\software\pro\Debug\Obj\stm8s_tim4.o
#        F:\24l01\software\pro\Debug\Obj\stm8s_uart1.o
#        F:\24l01\software\pro\Debug\Obj\TimeOut.o
#        F:\24l01\software\pro\Debug\Obj\wireless.o --redirect
#        _Printf=_PrintfSmall --redirect _Scanf=_ScanfSmall --no_out_extension
#        -o F:\24l01\software\pro\Debug\Exe\24l01.out --map
#        F:\24l01\software\pro\Debug\List\24l01.map --config "C:\Program Files
#        (x86)\IAR Systems\Embedded Workbench
#        8.3\stm8\config\lnkstm8s103f3.icf" --config_def _CSTACK_SIZE=0x100
#        --config_def _HEAP_SIZE=0x100 --entry __iar_program_start --debug_lib)
#
###############################################################################

*******************************************************************************
*** RUNTIME MODEL ATTRIBUTES
***

__SystemLibrary            = DLib
__code_model               = small
__core                     = stm8
__data_model               = medium
__dlib_file_descriptor     = 0
__dlib_full_locale_support = 0
__rt_version               = 4


*******************************************************************************
*** PLACEMENT SUMMARY
***

"A0":  place at start of [0x000000-0x0000ff] { rw section .vregs };
"A1":  place at end of [0x000000-0x0003ff] { block CSTACK };
"P2":  place in [from 0x000000 to 0x0003ff] {
          block HEAP, rw section __DLIB_PERTHREAD, rw section .far.bss,
          rw section .far.data, rw section .far.noinit,
          rw section .far_func.textrw, rw section .huge.bss,
          rw section .huge.data, rw section .huge.noinit,
          rw section .huge_func.textrw, rw section .iar.dynexit,
          rw section .near.bss, rw section .near.data, rw section .near.noinit,
          rw section .near_func.textrw };
"A2":  place at start of [0x008000-0x009fff] { block INTVEC };
"P3":  place in [from 0x008000 to 0x009fff] {
          ro section __DLIB_PERTHREAD_init, ro section .far.data_init,
          ro section .far_func.textrw_init, ro section .huge.data_init,
          ro section .huge_func.textrw_init, ro section .iar.init_table,
          ro section .init_array, ro section .near.data_init,
          ro section .near.rodata, ro section .near_func.text,
          ro section .near_func.textrw_init, ro section .tiny.data_init,
          ro section .tiny.rodata_init };
"P4":  place in [from 0x008000 to 0x009fff] {
          ro section .far.rodata, ro section .far_func.text };
"P5":  place in [from 0x008000 to 0x009fff] {
          ro section .huge.rodata, ro section .huge_func.text };
do not initialize {
   rw section .eeprom.noinit, rw section .far.noinit, rw section .huge.noinit,
   rw section .near.noinit, rw section .tiny.noinit, rw section .vregs };
initialize by copy {
   rw section .far.bss, rw section .far.data, rw section .far_func.textrw,
   rw section .huge.bss, rw section .huge.data, rw section .huge_func.textrw,
   rw section .iar.dynexit, rw section .near.bss, rw section .near.data,
   rw section .near_func.textrw, rw section .tiny.bss, rw section .tiny.data,
   ro section .tiny.rodata };

No sections matched the following patterns:

  ro section .far.data_init          in "P3-P5"
  ro section .far.rodata             in "P3-P5"
  ro section .far_func.text          in "P3-P5"
  ro section .far_func.textrw_init   in "P3-P5"
  ro section .huge.data_init         in "P3-P5"
  ro section .huge.rodata            in "P3-P5"
  ro section .huge_func.text         in "P3-P5"
  ro section .huge_func.textrw_init  in "P3-P5"
  ro section .iar.init_table         in "P3-P5"
  ro section .init_array             in "P3-P5"
  ro section .near_func.textrw_init  in "P3-P5"
  ro section .tiny.data_init         in "P3-P5"
  ro section .tiny.rodata_init       in "P3-P5"
  ro section __DLIB_PERTHREAD_init   in "P3-P5"
  rw section .far.bss                in "P2"
  rw section .far.data               in "P2"
  rw section .far.noinit             in "P2"
  rw section .far_func.textrw        in "P2"
  rw section .huge.bss               in "P2"
  rw section .huge.data              in "P2"
  rw section .huge.noinit            in "P2"
  rw section .huge_func.textrw       in "P2"
  rw section .iar.dynexit            in "P2"
  rw section .near.noinit            in "P2"
  rw section .near_func.textrw       in "P2"
  rw section .tiny.bss               in "P1"
  rw section .tiny.data              in "P1"
  rw section .tiny.noinit            in "P1"
  rw section .tiny.rodata            in "P1"
  rw section __DLIB_PERTHREAD        in "P2"
  section .eeprom.data               in "P6-P8"
  section .eeprom.noinit             in "P6-P8"
  section .eeprom.rodata             in "P6-P8"


  Section            Kind      Address    Size  Object
  -------            ----      -------    ----  ------
"A0":                                     0x10
  .vregs             uninit   0x000000    0x10  vregs.o [4]
                            - 0x000010    0x10

"P2":                                     0x13
  P2-1                        0x000010    0x13  <Init block>
    .near.data       inited   0x000010     0x1  nrf24l01.o [1]
    .near.data       inited   0x000011     0x1  nrf24l01.o [1]
    .near.data       inited   0x000012     0x5  wireless.o [1]
    .near.data       inited   0x000017     0x5  wireless.o [1]
    .near.bss        inited   0x00001c     0x2  TimeOut.o [1]
    .near.bss        inited   0x00001e     0x5  wireless.o [1]
                            - 0x000023    0x13

"A1":                                    0x100
  CSTACK                      0x000300   0x100  <Block>
    CSTACK           uninit   0x000300   0x100  <Block tail>
                            - 0x000400   0x100

"A2":                                     0x80
  INTVEC                      0x008000    0x80  <Block>
    .intvec          const    0x008000    0x80  interrupt.o [4]
                            - 0x008080    0x80

"P3-P5":                                0x10e2
  .near_func.text    ro code  0x008080   0x222  stm8s_uart1.o [1]
  .near_func.text    ro code  0x0082a2   0x12b  long.o [4]
  .near_func.text    ro code  0x0083cd   0x110  stm8s_gpio.o [1]
  .near_func.text    ro code  0x0084dd   0x105  vreg_util.o [4]
  .near_func.text    ro code  0x0085e2    0xc3  wireless.o [1]
  .near_func.text    ro code  0x0086a5    0x9e  stm8s_uart1.o [1]
  .near_func.text    ro code  0x008743    0x9b  app.o [1]
  .near_func.text    ro code  0x0087de    0x8b  stm8s_clk.o [1]
  .near_func.text    ro code  0x008869    0x6d  nrf24l01.o [1]
  .near_func.text    ro code  0x0088d6    0x6c  nrf24l01.o [1]
  .near_func.text    ro code  0x008942    0x66  nrf24l01.o [1]
  .near_func.text    ro code  0x0089a8    0x63  nrf24l01.o [1]
  .near_func.text    ro code  0x008a0b    0x57  stm8s_clk.o [1]
  .near_func.text    ro code  0x008a62    0x51  nrf24l01.o [1]
  .near_func.text    ro code  0x008ab3    0x51  stm8s_tim4.o [1]
  .near_func.text    ro code  0x008b04    0x50  stm8s_tim4.o [1]
  .near_func.text    ro code  0x008b54    0x4a  nrf24l01.o [1]
  .near_func.text    ro code  0x008b9e    0x47  long_util.o [4]
  .near_func.text    ro code  0x008be5    0x43  nrf24l01.o [1]
  .near.rodata       const    0x008c28    0x3f  stm8s_uart1.o [1]
  .near.rodata       const    0x008c67    0x3e  stm8s_gpio.o [1]
  .near.rodata       const    0x008ca5    0x3e  stm8s_tim4.o [1]
  .near_func.text    ro code  0x008ce3    0x3e  nrf24l01.o [1]
  .near.rodata       const    0x008d21    0x3d  stm8s_clk.o [1]
  .near.rodata       const    0x008d5e    0x3a  app.o [1]
  .near.rodata       const    0x008d98    0x39  app.o [1]
  .near.rodata       const    0x008dd1    0x39  app.o [1]
  .near.rodata       const    0x008e0a    0x39  app.o [1]
  .near.rodata       const    0x008e43    0x36  app.o [1]
  .near_func.text    ro code  0x008e79    0x36  stm8s_uart1.o [1]
  .near_func.text    ro code  0x008eaf    0x2f  stm8s_tim4.o [1]
  .near_func.text    ro code  0x008ede    0x2d  stm8s_uart1.o [1]
  .near_func.text    ro code  0x008f0b    0x29  nrf24l01.o [1]
  .near_func.text    ro code  0x008f34    0x28  init_small.o [4]
  .near_func.text    ro code  0x008f5c    0x26  nrf24l01.o [1]
  .near_func.text    ro code  0x008f82    0x25  dc_util.o [4]
  .near_func.text    ro code  0x008fa7    0x24  stm8s_tim4.o [1]
  .near_func.text    ro code  0x008fcb    0x24  stm8s_tim4.o [1]
  .near_func.text    ro code  0x008fef    0x23  short.o [4]
  .near_func.text    ro code  0x009012    0x21  TimeOut.o [1]
  .iar.init_table    const    0x009033     0xa  - Linker created -
  .near_func.text    ro code  0x00903d    0x1b  stm8s_it.o [1]
  .near_func.text    ro code  0x009058    0x19  stm8s_it.o [1]
  .near_func.text    ro code  0x009071    0x18  app.o [1]
  .near_func.text    ro code  0x009089    0x14  init.o [4]
  .near_func.text    ro code  0x00909d    0x14  __dbg_xxexit.o [3]
  .near_func.text    ro code  0x0090b1    0x13  wireless.o [1]
  .near_func.text    ro code  0x0090c4    0x13  cstartup.o [4]
  Initializer bytes  const    0x0090d7    0x13  <for P2-1>
  .near_func.text    ro code  0x0090ea    0x12  TimeOut.o [1]
  .near_func.text    ro code  0x0090fc     0xd  stm8s_uart1.o [1]
  .near_func.text    ro code  0x009109     0x8  main.o [1]
  .near_func.text    ro code  0x009111     0x8  TimeOut.o [1]
  .near_func.text    ro code  0x009119     0x7  stm8s_gpio.o [1]
  .near_func.text    ro code  0x009120     0x7  stm8s_gpio.o [1]
  .near_func.text    ro code  0x009127     0x5  TimeOut.o [1]
  .near_func.text    ro code  0x00912c     0x5  cexit.o [4]
  .near.rodata       const    0x009131     0x4  stm8s_clk.o [1]
  .near_func.text    ro code  0x009135     0x4  stm8s_gpio.o [1]
  .near_func.text    ro code  0x009139     0x4  stm8s_uart1.o [1]
  .near_func.text    ro code  0x00913d     0x4  TimeOut.o [1]
  .near_func.text    ro code  0x009141     0x3  interrupt.o [4]
  .near_func.text    ro code  0x009144     0x3  low_level_init.o [4]
  .near_func.text    ro code  0x009147     0x3  exit.o [4]
  .near_func.text    ro code  0x00914a     0x3  unhandled_exception.o [4]
  .near_func.text    ro code  0x00914d     0x2  main.o [1]
  .near_func.text    ro code  0x00914f     0x1  stm8s_it.o [1]
  .near_func.text    ro code  0x009150     0x1  stm8s_it.o [1]
  .near_func.text    ro code  0x009151     0x1  stm8s_it.o [1]
  .near_func.text    ro code  0x009152     0x1  stm8s_it.o [1]
  .near_func.text    ro code  0x009153     0x1  stm8s_it.o [1]
  .near_func.text    ro code  0x009154     0x1  stm8s_it.o [1]
  .near_func.text    ro code  0x009155     0x1  stm8s_it.o [1]
  .near_func.text    ro code  0x009156     0x1  stm8s_it.o [1]
  .near_func.text    ro code  0x009157     0x1  stm8s_it.o [1]
  .near_func.text    ro code  0x009158     0x1  stm8s_it.o [1]
  .near_func.text    ro code  0x009159     0x1  stm8s_it.o [1]
  .near_func.text    ro code  0x00915a     0x1  stm8s_it.o [1]
  .near_func.text    ro code  0x00915b     0x1  stm8s_it.o [1]
  .near_func.text    ro code  0x00915c     0x1  stm8s_it.o [1]
  .near_func.text    ro code  0x00915d     0x1  stm8s_it.o [1]
  .near_func.text    ro code  0x00915e     0x1  stm8s_it.o [1]
  .near_func.text    ro code  0x00915f     0x1  stm8s_it.o [1]
  .near_func.text    ro code  0x009160     0x1  stm8s_it.o [1]
  .near_func.text    ro code  0x009161     0x1  __dbg_break.o [3]
                            - 0x009162  0x10e2


*******************************************************************************
*** INIT TABLE
***

          Address   Size
          -------   ----
Copy (__iar_copy_init2)
    1 source range, total size 0x13:
          0x0090d7  0x13
    1 destination range, total size 0x13:
          0x000010  0x13



*******************************************************************************
*** MODULE SUMMARY
***

    Module                 ro code  ro data  rw data
    ------                 -------  -------  -------
F:\24l01\software\pro\Debug\Obj: [1]
    TimeOut.o                   68        2        2
    app.o                      179      283
    main.o                      10
    nrf24l01.o                 781        2        2
    stm8s_clk.o                226       65
    stm8s_gpio.o               290       62
    stm8s_it.o                  70
    stm8s_tim4.o               280       62
    stm8s_uart1.o              820       63
    wireless.o                 214       15       15
    ------------------------------------------------
    Total:                   2 938      554       19

command line: [2]
    ------------------------------------------------
    Total:

dbgstm8smd.a: [3]
    __dbg_break.o                1
    __dbg_xxexit.o              20
    ------------------------------------------------
    Total:                      21

dlstm8smn.a: [4]
    cexit.o                      5
    cstartup.o                  19
    dc_util.o                   37
    exit.o                       3
    init.o                      20
    init_small.o                40
    interrupt.o                  3      128
    long.o                     299
    long_util.o                 71
    low_level_init.o             3
    short.o                     35
    unhandled_exception.o        3
    vreg_util.o                261
    vregs.o                                       16
    ------------------------------------------------
    Total:                     799      128       16

    Linker created                       10      256
----------------------------------------------------
    Grand Total:             3 758      692      291


*******************************************************************************
*** ENTRY LIST
***

Entry                    Address   Size  Type      Object
-----                    -------   ----  ----      ------
.iar.init_table$$Base   0x009033          --   Gb  - Linker created -
.iar.init_table$$Limit  0x00903d          --   Gb  - Linker created -
?b0                     0x000000         Data  Gb  vregs.o [4]
?b1                     0x000001         Data  Gb  vregs.o [4]
?b10                    0x00000a         Data  Gb  vregs.o [4]
?b11                    0x00000b         Data  Gb  vregs.o [4]
?b12                    0x00000c         Data  Gb  vregs.o [4]
?b13                    0x00000d         Data  Gb  vregs.o [4]
?b14                    0x00000e         Data  Gb  vregs.o [4]
?b15                    0x00000f         Data  Gb  vregs.o [4]
?b2                     0x000002         Data  Gb  vregs.o [4]
?b3                     0x000003         Data  Gb  vregs.o [4]
?b4                     0x000004         Data  Gb  vregs.o [4]
?b5                     0x000005         Data  Gb  vregs.o [4]
?b6                     0x000006         Data  Gb  vregs.o [4]
?b7                     0x000007         Data  Gb  vregs.o [4]
?b8                     0x000008         Data  Gb  vregs.o [4]
?b9                     0x000009         Data  Gb  vregs.o [4]
?dc32_l0                0x008f82         Code  Gb  dc_util.o [4]
?dc32_l1                0x008f8f         Code  Gb  dc_util.o [4]
?dc32_px                0x008f9c         Code  Gb  dc_util.o [4]
?e0                     0x000001         Data  Gb  vregs.o [4]
?e1                     0x000005         Data  Gb  vregs.o [4]
?e2                     0x000009         Data  Gb  vregs.o [4]
?e3                     0x00000d         Data  Gb  vregs.o [4]
?epilogue_l2            0x008578         Code  Gb  vreg_util.o [4]
?epilogue_l2_l3         0x008575         Code  Gb  vreg_util.o [4]
?epilogue_l2_w6         0x00857c         Code  Gb  vreg_util.o [4]
?epilogue_w4            0x008583         Code  Gb  vreg_util.o [4]
?l0                     0x000000         Data  Gb  vregs.o [4]
?l1                     0x000004         Data  Gb  vregs.o [4]
?l2                     0x000008         Data  Gb  vregs.o [4]
?l3                     0x00000c         Data  Gb  vregs.o [4]
?load32_0x_l0           0x008bd7         Code  Gb  long_util.o [4]
?load32_asp_l0          0x008bcb         Code  Gb  long_util.o [4]
?load32_dbsp_l0         0x008bc6         Code  Gb  long_util.o [4]
?load32_l0_0x           0x008bae         Code  Gb  long_util.o [4]
?load32_l0_asp          0x008ba3         Code  Gb  long_util.o [4]
?load32_l0_dbsp         0x008b9e         Code  Gb  long_util.o [4]
?load32_l0_xsp          0x008ba5         Code  Gb  long_util.o [4]
?load32_l1_0x           0x008bba         Code  Gb  long_util.o [4]
?load32_xsp_l0          0x008bcd         Code  Gb  long_util.o [4]
?mov_e0_e2              0x00858a         Code  Gb  vreg_util.o [4]
?mov_e0_e3              0x008597         Code  Gb  vreg_util.o [4]
?mov_e1_e0              0x0085a4         Code  Gb  vreg_util.o [4]
?mov_e1_e2              0x0085b1         Code  Gb  vreg_util.o [4]
?mov_e1_e3              0x0085be         Code  Gb  vreg_util.o [4]
?mov_e2_e0              0x0085cb         Code  Gb  vreg_util.o [4]
?mov_e3_e0              0x0085d8         Code  Gb  vreg_util.o [4]
?mov_l0_l2              0x008587         Code  Gb  vreg_util.o [4]
?mov_l0_l3              0x008594         Code  Gb  vreg_util.o [4]
?mov_l1_l0              0x0085a1         Code  Gb  vreg_util.o [4]
?mov_l1_l2              0x0085ae         Code  Gb  vreg_util.o [4]
?mov_l1_l3              0x0085bb         Code  Gb  vreg_util.o [4]
?mov_l2_l0              0x0085c8         Code  Gb  vreg_util.o [4]
?mov_l3_l0              0x0085d5         Code  Gb  vreg_util.o [4]
?mov_w1_w5              0x00858d         Code  Gb  vreg_util.o [4]
?mov_w1_w7              0x00859a         Code  Gb  vreg_util.o [4]
?mov_w3_w1              0x0085a7         Code  Gb  vreg_util.o [4]
?mov_w3_w5              0x0085b4         Code  Gb  vreg_util.o [4]
?mov_w3_w7              0x0085c1         Code  Gb  vreg_util.o [4]
?mov_w5_w1              0x0085ce         Code  Gb  vreg_util.o [4]
?mov_w7_w1              0x0085db         Code  Gb  vreg_util.o [4]
?mul16_x_x_w0           0x008fef         Code  Gb  short.o [4]
?mul32_l0_l0_0x         0x0082c0         Code  Gb  long.o [4]
?mul32_l0_l0_dl         0x0082bd         Code  Gb  long.o [4]
?mul32_l0_l0_l1         0x0082c9         Code  Gb  long.o [4]
?pop_l0                 0x008541         Code  Gb  vreg_util.o [4]
?pop_l1                 0x00854c         Code  Gb  vreg_util.o [4]
?pop_l2                 0x008557         Code  Gb  vreg_util.o [4]
?pop_l3                 0x008562         Code  Gb  vreg_util.o [4]
?pop_w4                 0x0084fa         Code  Gb  vreg_util.o [4]
?pop_w6                 0x008501         Code  Gb  vreg_util.o [4]
?push_l0                0x008510         Code  Gb  vreg_util.o [4]
?push_l1                0x008515         Code  Gb  vreg_util.o [4]
?push_l2                0x00851a         Code  Gb  vreg_util.o [4]
?push_l3                0x00851f         Code  Gb  vreg_util.o [4]
?push_w4                0x0084dd         Code  Gb  vreg_util.o [4]
?push_w6                0x0084e2         Code  Gb  vreg_util.o [4]
?sll32_0x_0x_a          0x0083bf         Code  Gb  long.o [4]
?sll32_l0_l0_a          0x0083bc         Code  Gb  long.o [4]
?srl16_x_x_4            0x00900d         Code  Gb  short.o [4]
?sub32_l0_l0_0x         0x0082a5         Code  Gb  long.o [4]
?sub32_l0_l0_l1         0x0082a2         Code  Gb  long.o [4]
?udiv32_l0_dl_l1        0x008347         Code  Gb  long.o [4]
?udiv32_l0_l0_dl        0x00834c         Code  Gb  long.o [4]
?udiv32_l0_l0_l1        0x00834f         Code  Gb  long.o [4]
?umod32_l1_l0_l1        0x00834f         Code  Gb  long.o [4]
?w0                     0x000000         Data  Gb  vregs.o [4]
?w1                     0x000002         Data  Gb  vregs.o [4]
?w2                     0x000004         Data  Gb  vregs.o [4]
?w3                     0x000006         Data  Gb  vregs.o [4]
?w4                     0x000008         Data  Gb  vregs.o [4]
?w5                     0x00000a         Data  Gb  vregs.o [4]
?w6                     0x00000c         Data  Gb  vregs.o [4]
?w7                     0x00000e         Data  Gb  vregs.o [4]
ADC1_IRQHandler         0x00915f    0x1  Code  Gb  stm8s_it.o [1]
AWU_IRQHandler          0x009151    0x1  Code  Gb  stm8s_it.o [1]
Address_Confirm_Mode    0x0085e2   0xc3  Code  Gb  wireless.o [1]
App_Handle              0x009071   0x18  Code  Gb  app.o [1]
App_Init                0x0087a3   0x3b  Code  Gb  app.o [1]
CLK_GetClockFreq        0x008a0b   0x57  Code  Gb  stm8s_clk.o [1]
CLK_IRQHandler          0x009152    0x1  Code  Gb  stm8s_it.o [1]
CLK_SYSCLKConfig        0x0087de   0x8b  Code  Gb  stm8s_clk.o [1]
CSTACK$$Base            0x000300          --   Gb  - Linker created -
CSTACK$$Limit           0x000400          --   Gb  - Linker created -
Debug_Cfg               0x008743   0x24  Code  Gb  app.o [1]
EEPROM_EEC_IRQHandler   0x009160    0x1  Code  Gb  stm8s_it.o [1]
EXTI_PORTA_IRQHandler   0x009153    0x1  Code  Gb  stm8s_it.o [1]
EXTI_PORTB_IRQHandler   0x009154    0x1  Code  Gb  stm8s_it.o [1]
EXTI_PORTC_IRQHandler   0x009155    0x1  Code  Gb  stm8s_it.o [1]
EXTI_PORTD_IRQHandler   0x009156    0x1  Code  Gb  stm8s_it.o [1]
EXTI_PORTE_IRQHandler   0x009157    0x1  Code  Gb  stm8s_it.o [1]
FIXED_ADDRESS           0x000012    0x5  Data  Gb  wireless.o [1]
GPIO_Init               0x0083cd  0x110  Code  Gb  stm8s_gpio.o [1]
GPIO_ReadInputPin       0x009120    0x7  Code  Gb  stm8s_gpio.o [1]
GPIO_WriteHigh          0x009119    0x7  Code  Gb  stm8s_gpio.o [1]
GPIO_WriteLow           0x009135    0x4  Code  Gb  stm8s_gpio.o [1]
HSIDivFactor            0x009131    0x4  Data  Gb  stm8s_clk.o [1]
I2C_IRQHandler          0x00915e    0x1  Code  Gb  stm8s_it.o [1]
INTVEC$$Base            0x008000          --   Gb  - Linker created -
INTVEC$$Limit           0x008080          --   Gb  - Linker created -
InsBaseNum              0x00001c    0x2  Data  Gb  TimeOut.o [1]
NRF_ADDRESS             0x000017    0x5  Data  Gb  wireless.o [1]
Region$$Table$$Base     0x009033          --   Gb  - Linker created -
Region$$Table$$Limit    0x00903d          --   Gb  - Linker created -
Rf_Power                0x000011    0x1  Data  Gb  nrf24l01.o [1]
SPI_IRQHandler          0x009158    0x1  Code  Gb  stm8s_it.o [1]
SPI_RW                  0x008a62   0x51  Code  Lc  nrf24l01.o [1]
TIM1_CAP_COM_IRQHandler
                        0x00915a    0x1  Code  Gb  stm8s_it.o [1]
TIM1_UPD_OVF_TRG_BRK_IRQHandler
                        0x009159    0x1  Code  Gb  stm8s_it.o [1]
TIM2_CAP_COM_IRQHandler
                        0x00915c    0x1  Code  Gb  stm8s_it.o [1]
TIM2_UPD_OVF_BRK_IRQHandler
                        0x00915b    0x1  Code  Gb  stm8s_it.o [1]
TIM4_ClearFlag          0x008fa7   0x24  Code  Gb  stm8s_tim4.o [1]
TIM4_ClearITPendingBit  0x008fcb   0x24  Code  Gb  stm8s_tim4.o [1]
TIM4_Cmd                0x008eaf   0x2f  Code  Gb  stm8s_tim4.o [1]
TIM4_ITConfig           0x008b04   0x50  Code  Gb  stm8s_tim4.o [1]
TIM4_TimeBaseInit       0x008ab3   0x51  Code  Gb  stm8s_tim4.o [1]
TIM4_UPD_OVF_IRQHandler
                        0x00903d   0x1b  Code  Gb  stm8s_it.o [1]
TLI_IRQHandler          0x009150    0x1  Code  Gb  stm8s_it.o [1]
TRAP_IRQHandler         0x00914f    0x1  Code  Gb  stm8s_it.o [1]
TimeOutDet_Check        0x009012   0x21  Code  Gb  TimeOut.o [1]
TimeOutDet_DecHandle    0x009111    0x8  Code  Gb  TimeOut.o [1]
TimeOutDet_Init         0x009127    0x5  Code  Gb  TimeOut.o [1]
TimeOut_BaseValue       0x00913d    0x4  Code  Gb  TimeOut.o [1]
TimeOut_Record          0x0090ea   0x12  Code  Gb  TimeOut.o [1]
Timer_Init              0x008767   0x1c  Code  Lc  app.o [1]
UART1_ClearITPendingBit
                        0x008e79   0x36  Code  Gb  stm8s_uart1.o [1]
UART1_Cmd               0x0090fc    0xd  Code  Gb  stm8s_uart1.o [1]
UART1_DeInit            0x008ede   0x2d  Code  Gb  stm8s_uart1.o [1]
UART1_GetFlagStatus     0x0086a5   0x9e  Code  Gb  stm8s_uart1.o [1]
UART1_Init              0x008080  0x222  Code  Gb  stm8s_uart1.o [1]
UART1_RX_IRQHandler     0x00915d    0x1  Code  Gb  stm8s_it.o [1]
UART1_SendData8         0x009139    0x4  Code  Gb  stm8s_uart1.o [1]
UART1_TX_IRQHandler     0x009058   0x19  Code  Gb  stm8s_it.o [1]
Uart_Init               0x008783   0x20  Code  Lc  app.o [1]
__DebugBreak            0x009161    0x1  Code  Gb  __dbg_break.o [3]
__exit                  0x00909d   0x14  Code  Gb  __dbg_xxexit.o [3]
__iar_copy_init2        0x008f34         Code  Gb  init_small.o [4]
__iar_data_init2        0x009089   0x14  Code  Gb  init.o [4]
__iar_program_start     0x0090c4         Code  Gb  cstartup.o [4]
__iar_unhandled_exception
                        0x00914a         Code  Gb  unhandled_exception.o [4]
__intvec                0x008000         Data  Gb  interrupt.o [4]
__low_level_init        0x009144    0x3  Code  Gb  low_level_init.o [4]
_exit                   0x00912c         Code  Gb  cexit.o [4]
_interrupt_1            0x00914f         Code  Gb  stm8s_it.o [1]
_interrupt_12           0x009158         Code  Gb  stm8s_it.o [1]
_interrupt_13           0x009159         Code  Gb  stm8s_it.o [1]
_interrupt_14           0x00915a         Code  Gb  stm8s_it.o [1]
_interrupt_15           0x00915b         Code  Gb  stm8s_it.o [1]
_interrupt_16           0x00915c         Code  Gb  stm8s_it.o [1]
_interrupt_19           0x009058         Code  Gb  stm8s_it.o [1]
_interrupt_2            0x009150         Code  Gb  stm8s_it.o [1]
_interrupt_20           0x00915d         Code  Gb  stm8s_it.o [1]
_interrupt_21           0x00915e         Code  Gb  stm8s_it.o [1]
_interrupt_24           0x00915f         Code  Gb  stm8s_it.o [1]
_interrupt_25           0x00903d         Code  Gb  stm8s_it.o [1]
_interrupt_26           0x009160         Code  Gb  stm8s_it.o [1]
_interrupt_3            0x009151         Code  Gb  stm8s_it.o [1]
_interrupt_4            0x009152         Code  Gb  stm8s_it.o [1]
_interrupt_5            0x009153         Code  Gb  stm8s_it.o [1]
_interrupt_6            0x009154         Code  Gb  stm8s_it.o [1]
_interrupt_7            0x009155         Code  Gb  stm8s_it.o [1]
_interrupt_8            0x009156         Code  Gb  stm8s_it.o [1]
_interrupt_9            0x009157         Code  Gb  stm8s_it.o [1]
assert_failed           0x00914d    0x2  Code  Gb  main.o [1]
channal                 0x000010    0x1  Data  Gb  nrf24l01.o [1]
delay_us                0x0090b1   0x13  Code  Gb  wireless.o [1]
exit                    0x009147    0x3  Code  Gb  exit.o [4]
main                    0x009109    0x8  Code  Gb  main.o [1]
match_buf               0x00001e    0x5  Data  Gb  wireless.o [1]
nRF24L01P_Init          0x0088d6   0x6c  Code  Gb  nrf24l01.o [1]
nRF24L01P_RX_Mode       0x008869   0x6d  Code  Gb  nrf24l01.o [1]
nRF24L01P_Read_Buf      0x008b54   0x4a  Code  Gb  nrf24l01.o [1]
nRF24L01P_Read_Reg      0x008f5c   0x26  Code  Gb  nrf24l01.o [1]
nRF24L01P_RxPacket      0x008ce3   0x3e  Code  Gb  nrf24l01.o [1]
nRF24L01P_TX_Mode       0x008942   0x66  Code  Gb  nrf24l01.o [1]
nRF24L01P_TxPacket      0x0089a8   0x63  Code  Gb  nrf24l01.o [1]
nRF24L01P_Write_Buf     0x008be5   0x43  Code  Gb  nrf24l01.o [1]
nRF24L01P_Write_Reg     0x008f0b   0x29  Code  Gb  nrf24l01.o [1]


[1] = F:\24l01\software\pro\Debug\Obj
[2] = command line
[3] = dbgstm8smd.a
[4] = dlstm8smn.a

  3 758 bytes of readonly  code memory
    692 bytes of readonly  data memory
    291 bytes of readwrite data memory

Errors: none
Warnings: none
