###############################################################################
#
# IAR ELF Linker V2.20.1.176 for STM8                     13/Jan/2020  17:39:10
# Copyright 2010-2015 IAR Systems AB.
#
#    Output file  =  F:\24l01\slave\pro\Debug\Exe\24l01.out
#    Map file     =  F:\24l01\slave\pro\Debug\List\24l01.map
#    Command line =  
#        F:\24l01\slave\pro\Debug\Obj\app.o F:\24l01\slave\pro\Debug\Obj\main.o
#        F:\24l01\slave\pro\Debug\Obj\NRF24L01.o
#        F:\24l01\slave\pro\Debug\Obj\oled.o
#        F:\24l01\slave\pro\Debug\Obj\stm8s_clk.o
#        F:\24l01\slave\pro\Debug\Obj\stm8s_gpio.o
#        F:\24l01\slave\pro\Debug\Obj\stm8s_it.o
#        F:\24l01\slave\pro\Debug\Obj\stm8s_iwdg.o
#        F:\24l01\slave\pro\Debug\Obj\stm8s_tim1.o
#        F:\24l01\slave\pro\Debug\Obj\stm8s_tim4.o
#        F:\24l01\slave\pro\Debug\Obj\stm8s_uart1.o
#        F:\24l01\slave\pro\Debug\Obj\TimeOut.o --redirect _Printf=_PrintfSmall
#        --redirect _Scanf=_ScanfSmall -o
#        F:\24l01\slave\pro\Debug\Exe\24l01.out --map
#        F:\24l01\slave\pro\Debug\List\24l01.map --config "D:\Program Files
#        (x86)\IAR Systems\Embedded Workbench
#        7.3\stm8\config\lnkstm8s103f3.icf" --config_def _CSTACK_SIZE=0x100
#        --config_def _HEAP_SIZE=0x100 --entry __iar_program_start --debug_lib
#
###############################################################################

*******************************************************************************
*** RUNTIME MODEL ATTRIBUTES
***

__SystemLibrary            = DLib
__code_model               = small
__core                     = stm8
__data_model               = medium
__dlib_file_descriptor     = 0
__dlib_full_locale_support = 0
__rt_version               = 4


*******************************************************************************
*** PLACEMENT SUMMARY
***

"A1":  place at start of [0x000000-0x0000ff] { rw section .vregs };
"A2":  place at end of [0x000000-0x0003ff] { block CSTACK };
"P2":  place in [from 0x000000 to 0x0003ff] {
          block HEAP, rw section __DLIB_PERTHREAD, rw section .far.bss,
          rw section .far.data, rw section .far.noinit,
          rw section .far_func.textrw, rw section .huge.bss,
          rw section .huge.data, rw section .huge.noinit,
          rw section .huge_func.textrw, rw section .iar.dynexit,
          rw section .near.bss, rw section .near.data, rw section .near.noinit,
          rw section .near_func.textrw };
"A3":  place at start of [0x008000-0x009fff] { block INTVEC };
"P3":  place in [from 0x008000 to 0x009fff] {
          ro section __DLIB_PERTHREAD_init, ro section .far.data_init,
          ro section .far_func.textrw_init, ro section .huge.data_init,
          ro section .huge_func.textrw_init, ro section .iar.init_table,
          ro section .init_array, ro section .near.data_init,
          ro section .near.rodata, ro section .near_func.text,
          ro section .near_func.textrw_init, ro section .tiny.data_init,
          ro section .tiny.rodata_init };

  Section            Kind      Address    Size  Object
  -------            ----      -------    ----  ------
"A1":                                     0x10
  .vregs             uninit   0x000000    0x10  vregs.o [4]
                            - 0x000010    0x10

"P2":                                     0x19
  P2-1                        0x000010    0x19  <Init block>
    .near.data       inited   0x000010     0x5  NRF24L01.o [1]
    .near.data       inited   0x000015     0x5  NRF24L01.o [1]
    .near.data       inited   0x00001a     0x1  NRF24L01.o [1]
    .near.bss        inited   0x00001b     0x1  app.o [1]
    .near.bss        inited   0x00001c     0x5  app.o [1]
    .near.bss        inited   0x000021     0x5  app.o [1]
    .near.bss        inited   0x000026     0x1  app.o [1]
    .near.bss        inited   0x000027     0x2  TimeOut.o [1]
                            - 0x000029    0x19

"A2":                                    0x100
  CSTACK                      0x000300   0x100  <Block>
    CSTACK           uninit   0x000300   0x100  <Block tail>
                            - 0x000400   0x100

"A3":                                     0x80
  INTVEC                      0x008000    0x80  <Block>
    .intvec          const    0x008000    0x80  interrupt.o [4]
                            - 0x008080    0x80

"P3":                                   0x1e6d
  .near.rodata       const    0x008080   0x5f0  oled.o [1]
  .near_func.text    ro code  0x008670   0x47b  oled.o [1]
  .near_func.text    ro code  0x008aeb   0x226  stm8s_uart1.o [1]
  .near.rodata       const    0x008d11   0x1c0  oled.o [1]
  .near_func.text    ro code  0x008ed1   0x130  long.o [4]
  .near_func.text    ro code  0x009001   0x12b  app.o [1]
  .near_func.text    ro code  0x00912c   0x114  stm8s_gpio.o [1]
  .near_func.text    ro code  0x009240   0x105  vreg_util.o [4]
  .near_func.text    ro code  0x009345    0xc7  app.o [1]
  .near_func.text    ro code  0x00940c    0x9e  stm8s_uart1.o [1]
  .near_func.text    ro code  0x0094aa    0x8b  stm8s_clk.o [1]
  .near_func.text    ro code  0x009535    0x71  NRF24L01.o [1]
  .near_func.text    ro code  0x0095a6    0x70  NRF24L01.o [1]
  .near_func.text    ro code  0x009616    0x63  NRF24L01.o [1]
  .near_func.text    ro code  0x009679    0x5f  NRF24L01.o [1]
  .near_func.text    ro code  0x0096d8    0x58  NRF24L01.o [1]
  .near_func.text    ro code  0x009730    0x57  stm8s_clk.o [1]
  .near_func.text    ro code  0x009787    0x53  NRF24L01.o [1]
  .near_func.text    ro code  0x0097da    0x51  stm8s_tim4.o [1]
  .near_func.text    ro code  0x00982b    0x50  NRF24L01.o [1]
  .near_func.text    ro code  0x00987b    0x50  stm8s_tim4.o [1]
  .near_func.text    ro code  0x0098cb    0x49  NRF24L01.o [1]
  .near_func.text    ro code  0x009914    0x47  long_util.o [4]
  .near.rodata       const    0x00995b    0x3f  app.o [1]
  .near.rodata       const    0x00999a    0x3f  app.o [1]
  .near.rodata       const    0x0099d9    0x3f  app.o [1]
  .near.rodata       const    0x009a18    0x3e  app.o [1]
  .near_func.text    ro code  0x009a56    0x3e  NRF24L01.o [1]
  .near.rodata       const    0x009a94    0x3c  stm8s_uart1.o [1]
  .near.rodata       const    0x009ad0    0x3b  stm8s_gpio.o [1]
  .near.rodata       const    0x009b0b    0x3b  stm8s_tim4.o [1]
  .near.rodata       const    0x009b46    0x3a  stm8s_clk.o [1]
  .near_func.text    ro code  0x009b80    0x36  stm8s_uart1.o [1]
  .near_func.text    ro code  0x009bb6    0x2f  stm8s_tim4.o [1]
  .near_func.text    ro code  0x009be5    0x2d  stm8s_uart1.o [1]
  .near_func.text    ro code  0x009c12    0x29  NRF24L01.o [1]
  .near_func.text    ro code  0x009c3b    0x28  init_small.o [4]
  .near_func.text    ro code  0x009c63    0x26  app.o [1]
  .near_func.text    ro code  0x009c89    0x26  NRF24L01.o [1]
  .near_func.text    ro code  0x009caf    0x25  dc_util.o [4]
  .near_func.text    ro code  0x009cd4    0x24  stm8s_tim4.o [1]
  .near_func.text    ro code  0x009cf8    0x24  stm8s_tim4.o [1]
  .near_func.text    ro code  0x009d1c    0x23  short.o [4]
  .iar.init_table    const    0x009d3f     0xa  - Linker created -
  .near_func.text    ro code  0x009d49    0x20  app.o [1]
  .near_func.text    ro code  0x009d69    0x1e  oled.o [1]
  .near_func.text    ro code  0x009d87    0x1c  app.o [1]
  .near_func.text    ro code  0x009da3    0x1b  stm8s_it.o [1]
  .near_func.text    ro code  0x009dbe    0x19  stm8s_it.o [1]
  Initializer bytes  const    0x009dd7    0x19  <for P2-1>
  .near_func.text    ro code  0x009df0    0x17  init.o [4]
  .near_func.text    ro code  0x009e07    0x14  __dbg_xxexit.o [3]
  .near_func.text    ro code  0x009e1b    0x13  cstartup.o [4]
  .near.rodata       const    0x009e2e     0xf  app.o [1]
  .near.rodata       const    0x009e3d     0xe  app.o [1]
  .near_func.text    ro code  0x009e4b     0xd  stm8s_uart1.o [1]
  .near_func.text    ro code  0x009e58     0xd  move.o [4]
  .near.rodata       const    0x009e65     0xb  app.o [1]
  .near.rodata       const    0x009e70     0xb  app.o [1]
  .near_func.text    ro code  0x009e7b     0x9  NRF24L01.o [1]
  .near_func.text    ro code  0x009e84     0x9  stm8s_gpio.o [1]
  .near_func.text    ro code  0x009e8d     0x8  main.o [1]
  .near_func.text    ro code  0x009e95     0x8  TimeOut.o [1]
  .near.rodata       const    0x009e9d     0x7  app.o [1]
  .near_func.text    ro code  0x009ea4     0x7  stm8s_gpio.o [1]
  .near.rodata       const    0x009eab     0x6  app.o [1]
  .near.rodata       const    0x009eb1     0x5  NRF24L01.o [1]
  .near_func.text    ro code  0x009eb6     0x5  TimeOut.o [1]
  .near_func.text    ro code  0x009ebb     0x5  cexit.o [4]
  .near.rodata       const    0x009ec0     0x4  stm8s_clk.o [1]
  .near_func.text    ro code  0x009ec4     0x4  stm8s_gpio.o [1]
  .near_func.text    ro code  0x009ec8     0x4  stm8s_uart1.o [1]
  .near_func.text    ro code  0x009ecc     0x3  interrupt.o [4]
  .near_func.text    ro code  0x009ecf     0x3  low_level_init.o [4]
  .near_func.text    ro code  0x009ed2     0x3  exit.o [4]
  .near_func.text    ro code  0x009ed5     0x3  unhandled_exception.o [4]
  .near_func.text    ro code  0x009ed8     0x2  main.o [1]
  .near_func.text    ro code  0x009eda     0x1  stm8s_it.o [1]
  .near_func.text    ro code  0x009edb     0x1  stm8s_it.o [1]
  .near_func.text    ro code  0x009edc     0x1  stm8s_it.o [1]
  .near_func.text    ro code  0x009edd     0x1  stm8s_it.o [1]
  .near_func.text    ro code  0x009ede     0x1  stm8s_it.o [1]
  .near_func.text    ro code  0x009edf     0x1  stm8s_it.o [1]
  .near_func.text    ro code  0x009ee0     0x1  stm8s_it.o [1]
  .near_func.text    ro code  0x009ee1     0x1  stm8s_it.o [1]
  .near_func.text    ro code  0x009ee2     0x1  stm8s_it.o [1]
  .near_func.text    ro code  0x009ee3     0x1  stm8s_it.o [1]
  .near_func.text    ro code  0x009ee4     0x1  stm8s_it.o [1]
  .near_func.text    ro code  0x009ee5     0x1  stm8s_it.o [1]
  .near_func.text    ro code  0x009ee6     0x1  stm8s_it.o [1]
  .near_func.text    ro code  0x009ee7     0x1  stm8s_it.o [1]
  .near_func.text    ro code  0x009ee8     0x1  stm8s_it.o [1]
  .near_func.text    ro code  0x009ee9     0x1  stm8s_it.o [1]
  .near_func.text    ro code  0x009eea     0x1  stm8s_it.o [1]
  .near_func.text    ro code  0x009eeb     0x1  stm8s_it.o [1]
  .near_func.text    ro code  0x009eec     0x1  __dbg_break.o [3]
                            - 0x009eed  0x1e6d


*******************************************************************************
*** INIT TABLE
***

          Address   Size
          -------   ----
Copy (__iar_copy_init2)
    1 source range, total size 0x19:
          0x009dd7  0x19
    1 destination range, total size 0x19:
          0x000010  0x19



*******************************************************************************
*** MODULE SUMMARY
***

    Module                 ro code  ro data  rw data
    ------                 -------  -------  -------
F:\24l01\slave\pro\Debug\Obj: [1]
    NRF24L01.o                 893       16       11
    TimeOut.o                   13        2        2
    app.o                      596      327       12
    main.o                      10
    oled.o                   1 177    1 968
    stm8s_clk.o                226       62
    stm8s_gpio.o               296       59
    stm8s_it.o                  70
    stm8s_tim4.o               280       59
    stm8s_uart1.o              824       60
    ------------------------------------------------
    Total:                   4 385    2 553       25

command line: [2]
    ------------------------------------------------
    Total:

dbgstm8smd.a: [3]
    __dbg_break.o                1
    __dbg_xxexit.o              20
    ------------------------------------------------
    Total:                      21

dlstm8smn.a: [4]
    cexit.o                      5
    cstartup.o                  19
    dc_util.o                   37
    exit.o                       3
    init.o                      23
    init_small.o                40
    interrupt.o                  3      128
    long.o                     304
    long_util.o                 71
    low_level_init.o             3
    move.o                      13
    short.o                     35
    unhandled_exception.o        3
    vreg_util.o                261
    vregs.o                                       16
    ------------------------------------------------
    Total:                     820      128       16

    Linker created                       10      256
----------------------------------------------------
    Grand Total:             5 226    2 691      297


*******************************************************************************
*** ENTRY LIST
***

Entry                    Address   Size  Type      Object
-----                    -------   ----  ----      ------
.iar.init_table$$Base   0x009d3f          --   Gb  - Linker created -
.iar.init_table$$Limit  0x009d49          --   Gb  - Linker created -
?b0                     0x000000         Data  Gb  vregs.o [4]
?b1                     0x000001         Data  Gb  vregs.o [4]
?b10                    0x00000a         Data  Gb  vregs.o [4]
?b11                    0x00000b         Data  Gb  vregs.o [4]
?b12                    0x00000c         Data  Gb  vregs.o [4]
?b13                    0x00000d         Data  Gb  vregs.o [4]
?b14                    0x00000e         Data  Gb  vregs.o [4]
?b15                    0x00000f         Data  Gb  vregs.o [4]
?b2                     0x000002         Data  Gb  vregs.o [4]
?b3                     0x000003         Data  Gb  vregs.o [4]
?b4                     0x000004         Data  Gb  vregs.o [4]
?b5                     0x000005         Data  Gb  vregs.o [4]
?b6                     0x000006         Data  Gb  vregs.o [4]
?b7                     0x000007         Data  Gb  vregs.o [4]
?b8                     0x000008         Data  Gb  vregs.o [4]
?b9                     0x000009         Data  Gb  vregs.o [4]
?dc32_l0                0x009caf         Code  Gb  dc_util.o [4]
?dc32_l1                0x009cbc         Code  Gb  dc_util.o [4]
?dc32_px                0x009cc9         Code  Gb  dc_util.o [4]
?e0                     0x000001         Data  Gb  vregs.o [4]
?e1                     0x000005         Data  Gb  vregs.o [4]
?e2                     0x000009         Data  Gb  vregs.o [4]
?e3                     0x00000d         Data  Gb  vregs.o [4]
?epilogue_l2            0x0092db         Code  Gb  vreg_util.o [4]
?epilogue_l2_l3         0x0092d8         Code  Gb  vreg_util.o [4]
?epilogue_l2_w6         0x0092df         Code  Gb  vreg_util.o [4]
?epilogue_w4            0x0092e6         Code  Gb  vreg_util.o [4]
?l0                     0x000000         Data  Gb  vregs.o [4]
?l1                     0x000004         Data  Gb  vregs.o [4]
?l2                     0x000008         Data  Gb  vregs.o [4]
?l3                     0x00000c         Data  Gb  vregs.o [4]
?load32_0x_l0           0x00994d         Code  Gb  long_util.o [4]
?load32_asp_l0          0x009941         Code  Gb  long_util.o [4]
?load32_dbsp_l0         0x00993c         Code  Gb  long_util.o [4]
?load32_l0_0x           0x009924         Code  Gb  long_util.o [4]
?load32_l0_asp          0x009919         Code  Gb  long_util.o [4]
?load32_l0_dbsp         0x009914         Code  Gb  long_util.o [4]
?load32_l0_xsp          0x00991b         Code  Gb  long_util.o [4]
?load32_l1_0x           0x009930         Code  Gb  long_util.o [4]
?load32_xsp_l0          0x009943         Code  Gb  long_util.o [4]
?mov_e0_e2              0x0092ed         Code  Gb  vreg_util.o [4]
?mov_e0_e3              0x0092fa         Code  Gb  vreg_util.o [4]
?mov_e1_e0              0x009307         Code  Gb  vreg_util.o [4]
?mov_e1_e2              0x009314         Code  Gb  vreg_util.o [4]
?mov_e1_e3              0x009321         Code  Gb  vreg_util.o [4]
?mov_e2_e0              0x00932e         Code  Gb  vreg_util.o [4]
?mov_e3_e0              0x00933b         Code  Gb  vreg_util.o [4]
?mov_l0_l2              0x0092ea         Code  Gb  vreg_util.o [4]
?mov_l0_l3              0x0092f7         Code  Gb  vreg_util.o [4]
?mov_l1_l0              0x009304         Code  Gb  vreg_util.o [4]
?mov_l1_l2              0x009311         Code  Gb  vreg_util.o [4]
?mov_l1_l3              0x00931e         Code  Gb  vreg_util.o [4]
?mov_l2_l0              0x00932b         Code  Gb  vreg_util.o [4]
?mov_l3_l0              0x009338         Code  Gb  vreg_util.o [4]
?mov_w1_w5              0x0092f0         Code  Gb  vreg_util.o [4]
?mov_w1_w7              0x0092fd         Code  Gb  vreg_util.o [4]
?mov_w3_w1              0x00930a         Code  Gb  vreg_util.o [4]
?mov_w3_w5              0x009317         Code  Gb  vreg_util.o [4]
?mov_w3_w7              0x009324         Code  Gb  vreg_util.o [4]
?mov_w5_w1              0x009331         Code  Gb  vreg_util.o [4]
?mov_w7_w1              0x00933e         Code  Gb  vreg_util.o [4]
?move1616_v_x_y_a       0x009e58         Code  Gb  move.o [4]
?mul16_x_x_w0           0x009d1c         Code  Gb  short.o [4]
?mul32_l0_l0_0x         0x008eef         Code  Gb  long.o [4]
?mul32_l0_l0_dl         0x008eec         Code  Gb  long.o [4]
?mul32_l0_l0_l1         0x008ef8         Code  Gb  long.o [4]
?pop_l0                 0x0092a4         Code  Gb  vreg_util.o [4]
?pop_l1                 0x0092af         Code  Gb  vreg_util.o [4]
?pop_l2                 0x0092ba         Code  Gb  vreg_util.o [4]
?pop_l3                 0x0092c5         Code  Gb  vreg_util.o [4]
?pop_w4                 0x00925d         Code  Gb  vreg_util.o [4]
?pop_w6                 0x009264         Code  Gb  vreg_util.o [4]
?push_l0                0x009273         Code  Gb  vreg_util.o [4]
?push_l1                0x009278         Code  Gb  vreg_util.o [4]
?push_l2                0x00927d         Code  Gb  vreg_util.o [4]
?push_l3                0x009282         Code  Gb  vreg_util.o [4]
?push_w4                0x009240         Code  Gb  vreg_util.o [4]
?push_w6                0x009245         Code  Gb  vreg_util.o [4]
?sll32_0x_0x_a          0x008ff3         Code  Gb  long.o [4]
?sll32_l0_l0_a          0x008ff0         Code  Gb  long.o [4]
?srl16_x_x_4            0x009d3a         Code  Gb  short.o [4]
?sub32_l0_l0_0x         0x008ed4         Code  Gb  long.o [4]
?sub32_l0_l0_l1         0x008ed1         Code  Gb  long.o [4]
?udiv32_l0_dl_l1        0x008f7b         Code  Gb  long.o [4]
?udiv32_l0_l0_dl        0x008f80         Code  Gb  long.o [4]
?udiv32_l0_l0_l1        0x008f83         Code  Gb  long.o [4]
?umod32_l1_l0_dl        0x008f76         Code  Gb  long.o [4]
?umod32_l1_l0_l1        0x008f83         Code  Gb  long.o [4]
?w0                     0x000000         Data  Gb  vregs.o [4]
?w1                     0x000002         Data  Gb  vregs.o [4]
?w2                     0x000004         Data  Gb  vregs.o [4]
?w3                     0x000006         Data  Gb  vregs.o [4]
?w4                     0x000008         Data  Gb  vregs.o [4]
?w5                     0x00000a         Data  Gb  vregs.o [4]
?w6                     0x00000c         Data  Gb  vregs.o [4]
?w7                     0x00000e         Data  Gb  vregs.o [4]
ADC1_IRQHandler         0x009eea    0x1  Code  Gb  stm8s_it.o [1]
AWU_IRQHandler          0x009edc    0x1  Code  Gb  stm8s_it.o [1]
App_Handle              0x009001  0x12b  Code  Gb  app.o [1]
App_Init                0x009345   0xc7  Code  Gb  app.o [1]
CLK_GetClockFreq        0x009730   0x57  Code  Gb  stm8s_clk.o [1]
CLK_IRQHandler          0x009edd    0x1  Code  Gb  stm8s_it.o [1]
CLK_SYSCLKConfig        0x0094aa   0x8b  Code  Gb  stm8s_clk.o [1]
CSTACK$$Base            0x000300          --   Gb  - Linker created -
CSTACK$$Limit           0x000400          --   Gb  - Linker created -
Debug_Cfg               0x009c63   0x26  Code  Gb  app.o [1]
Delay                   0x009e7b    0x9  Code  Gb  NRF24L01.o [1]
EEPROM_EEC_IRQHandler   0x009eeb    0x1  Code  Gb  stm8s_it.o [1]
EXTI_PORTA_IRQHandler   0x009ede    0x1  Code  Gb  stm8s_it.o [1]
EXTI_PORTB_IRQHandler   0x009edf    0x1  Code  Gb  stm8s_it.o [1]
EXTI_PORTC_IRQHandler   0x009ee0    0x1  Code  Gb  stm8s_it.o [1]
EXTI_PORTD_IRQHandler   0x009ee1    0x1  Code  Gb  stm8s_it.o [1]
EXTI_PORTE_IRQHandler   0x009ee2    0x1  Code  Gb  stm8s_it.o [1]
F8X16                   0x008080  0x5f0  Data  Gb  oled.o [1]
GPIO_Init               0x00912c  0x114  Code  Gb  stm8s_gpio.o [1]
GPIO_ReadInputPin       0x009e84    0x9  Code  Gb  stm8s_gpio.o [1]
GPIO_WriteHigh          0x009ea4    0x7  Code  Gb  stm8s_gpio.o [1]
GPIO_WriteLow           0x009ec4    0x4  Code  Gb  stm8s_gpio.o [1]
HSIDivFactor            0x009ec0    0x4  Data  Gb  stm8s_clk.o [1]
Hzk                     0x008d11  0x1c0  Data  Gb  oled.o [1]
I2C_IRQHandler          0x009ee9    0x1  Code  Gb  stm8s_it.o [1]
INTVEC$$Base            0x008000          --   Gb  - Linker created -
INTVEC$$Limit           0x008080          --   Gb  - Linker created -
Init_NRF24L01           0x0095a6   0x70  Code  Gb  NRF24L01.o [1]
InsBaseNum              0x000027    0x2  Data  Gb  TimeOut.o [1]
Mode                    0x00001b    0x1  Data  Gb  app.o [1]
NRF24L01_Check          0x0096d8   0x58  Code  Gb  NRF24L01.o [1]
NRF24L01_Read_Buf       0x00982b   0x50  Code  Gb  NRF24L01.o [1]
NRF24L01_Read_Reg       0x009c89   0x26  Code  Gb  NRF24L01.o [1]
NRF24L01_RxPacket       0x009a56   0x3e  Code  Gb  NRF24L01.o [1]
NRF24L01_TxPacket       0x009616   0x63  Code  Gb  NRF24L01.o [1]
NRF24L01_Write_Buf      0x0098cb   0x49  Code  Gb  NRF24L01.o [1]
NRF24L01_Write_Reg      0x009c12   0x29  Code  Gb  NRF24L01.o [1]
OLED_Clear              0x008711   0x44  Code  Gb  oled.o [1]
OLED_Init               0x0089b9  0x132  Code  Gb  oled.o [1]
OLED_Set_Pos            0x0086e5   0x2c  Code  Gb  oled.o [1]
OLED_ShowCHinese        0x008911   0xa8  Code  Gb  oled.o [1]
OLED_ShowChar           0x008755   0xa1  Code  Gb  oled.o [1]
OLED_ShowNum            0x008822   0xa0  Code  Gb  oled.o [1]
OLED_ShowString         0x0088c2   0x4f  Code  Gb  oled.o [1]
OLED_WR_Byte            0x008670   0x75  Code  Gb  oled.o [1]
RX_ADDRESS              0x000015    0x5  Data  Gb  NRF24L01.o [1]
RX_Mode                 0x009787   0x53  Code  Gb  NRF24L01.o [1]
Region$$Table$$Base     0x009d3f          --   Gb  - Linker created -
Region$$Table$$Limit    0x009d49          --   Gb  - Linker created -
SPI_IRQHandler          0x009ee3    0x1  Code  Gb  stm8s_it.o [1]
SPI_ReadWriteByte       0x009535   0x71  Code  Gb  NRF24L01.o [1]
TIM1_CAP_COM_IRQHandler
                        0x009ee5    0x1  Code  Gb  stm8s_it.o [1]
TIM1_UPD_OVF_TRG_BRK_IRQHandler
                        0x009ee4    0x1  Code  Gb  stm8s_it.o [1]
TIM2_CAP_COM_IRQHandler
                        0x009ee7    0x1  Code  Gb  stm8s_it.o [1]
TIM2_UPD_OVF_BRK_IRQHandler
                        0x009ee6    0x1  Code  Gb  stm8s_it.o [1]
TIM4_ClearFlag          0x009cd4   0x24  Code  Gb  stm8s_tim4.o [1]
TIM4_ClearITPendingBit  0x009cf8   0x24  Code  Gb  stm8s_tim4.o [1]
TIM4_Cmd                0x009bb6   0x2f  Code  Gb  stm8s_tim4.o [1]
TIM4_ITConfig           0x00987b   0x50  Code  Gb  stm8s_tim4.o [1]
TIM4_TimeBaseInit       0x0097da   0x51  Code  Gb  stm8s_tim4.o [1]
TIM4_UPD_OVF_IRQHandler
                        0x009da3   0x1b  Code  Gb  stm8s_it.o [1]
TLI_IRQHandler          0x009edb    0x1  Code  Gb  stm8s_it.o [1]
TRAP_IRQHandler         0x009eda    0x1  Code  Gb  stm8s_it.o [1]
TX_ADDRESS              0x000010    0x5  Data  Gb  NRF24L01.o [1]
TX_Mode                 0x009679   0x5f  Code  Gb  NRF24L01.o [1]
TimeOutDet_DecHandle    0x009e95    0x8  Code  Gb  TimeOut.o [1]
TimeOutDet_Init         0x009eb6    0x5  Code  Gb  TimeOut.o [1]
Timer_Init              0x009d87   0x1c  Code  Lc  app.o [1]
UART1_ClearITPendingBit
                        0x009b80   0x36  Code  Gb  stm8s_uart1.o [1]
UART1_Cmd               0x009e4b    0xd  Code  Gb  stm8s_uart1.o [1]
UART1_DeInit            0x009be5   0x2d  Code  Gb  stm8s_uart1.o [1]
UART1_GetFlagStatus     0x00940c   0x9e  Code  Gb  stm8s_uart1.o [1]
UART1_Init              0x008aeb  0x226  Code  Gb  stm8s_uart1.o [1]
UART1_RX_IRQHandler     0x009ee8    0x1  Code  Gb  stm8s_it.o [1]
UART1_SendData8         0x009ec8    0x4  Code  Gb  stm8s_uart1.o [1]
UART1_TX_IRQHandler     0x009dbe   0x19  Code  Gb  stm8s_it.o [1]
Uart_Init               0x009d49   0x20  Code  Lc  app.o [1]
__DebugBreak            0x009eec    0x1  Code  Gb  __dbg_break.o [3]
__exit                  0x009e07   0x14  Code  Gb  __dbg_xxexit.o [3]
__iar_copy_init2        0x009c3b         Code  Gb  init_small.o [4]
__iar_data_init2        0x009df0   0x17  Code  Gb  init.o [4]
__iar_program_start     0x009e1b         Code  Gb  cstartup.o [4]
__iar_unhandled_exception
                        0x009ed5         Code  Gb  unhandled_exception.o [4]
__intvec                0x008000         Data  Gb  interrupt.o [4]
__low_level_init        0x009ecf    0x3  Code  Gb  low_level_init.o [4]
_exit                   0x009ebb         Code  Gb  cexit.o [4]
_interrupt_1            0x009eda         Code  Gb  stm8s_it.o [1]
_interrupt_12           0x009ee3         Code  Gb  stm8s_it.o [1]
_interrupt_13           0x009ee4         Code  Gb  stm8s_it.o [1]
_interrupt_14           0x009ee5         Code  Gb  stm8s_it.o [1]
_interrupt_15           0x009ee6         Code  Gb  stm8s_it.o [1]
_interrupt_16           0x009ee7         Code  Gb  stm8s_it.o [1]
_interrupt_19           0x009dbe         Code  Gb  stm8s_it.o [1]
_interrupt_2            0x009edb         Code  Gb  stm8s_it.o [1]
_interrupt_20           0x009ee8         Code  Gb  stm8s_it.o [1]
_interrupt_21           0x009ee9         Code  Gb  stm8s_it.o [1]
_interrupt_24           0x009eea         Code  Gb  stm8s_it.o [1]
_interrupt_25           0x009da3         Code  Gb  stm8s_it.o [1]
_interrupt_26           0x009eeb         Code  Gb  stm8s_it.o [1]
_interrupt_3            0x009edc         Code  Gb  stm8s_it.o [1]
_interrupt_4            0x009edd         Code  Gb  stm8s_it.o [1]
_interrupt_5            0x009ede         Code  Gb  stm8s_it.o [1]
_interrupt_6            0x009edf         Code  Gb  stm8s_it.o [1]
_interrupt_7            0x009ee0         Code  Gb  stm8s_it.o [1]
_interrupt_8            0x009ee1         Code  Gb  stm8s_it.o [1]
_interrupt_9            0x009ee2         Code  Gb  stm8s_it.o [1]
assert_failed           0x009ed8    0x2  Code  Gb  main.o [1]
channal                 0x00001a    0x1  Data  Gb  NRF24L01.o [1]
delay_ms                0x009d69   0x1e  Code  Gb  oled.o [1]
exit                    0x009ed2    0x3  Code  Gb  exit.o [4]
main                    0x009e8d    0x8  Code  Gb  main.o [1]
oled_pow                0x0087f6   0x2c  Code  Gb  oled.o [1]
t                       0x000026    0x1  Data  Gb  app.o [1]
tmp_buf_Rx              0x000021    0x5  Data  Gb  app.o [1]
tmp_buf_Tx              0x00001c    0x5  Data  Gb  app.o [1]


[1] = F:\24l01\slave\pro\Debug\Obj
[2] = command line
[3] = dbgstm8smd.a
[4] = dlstm8smn.a

  5 226 bytes of readonly  code memory
  2 691 bytes of readonly  data memory
    297 bytes of readwrite data memory

Errors: none
Warnings: none
