###############################################################################
#
# IAR ELF Linker V2.20.1.176 for STM8                     08/Jan/2020  20:54:04
# Copyright 2010-2015 IAR Systems AB.
#
#    Output file  =  
#        C:\Users\Administrator\Desktop\software\pro\Debug\Exe\24l01.out
#    Map file     =  
#        C:\Users\Administrator\Desktop\software\pro\Debug\List\24l01.map
#    Command line =  
#        C:\Users\Administrator\Desktop\software\pro\Debug\Obj\app.o
#        C:\Users\Administrator\Desktop\software\pro\Debug\Obj\main.o
#        C:\Users\Administrator\Desktop\software\pro\Debug\Obj\NRF24L01.o
#        C:\Users\Administrator\Desktop\software\pro\Debug\Obj\stm8s_clk.o
#        C:\Users\Administrator\Desktop\software\pro\Debug\Obj\stm8s_gpio.o
#        C:\Users\Administrator\Desktop\software\pro\Debug\Obj\stm8s_it.o
#        C:\Users\Administrator\Desktop\software\pro\Debug\Obj\stm8s_iwdg.o
#        C:\Users\Administrator\Desktop\software\pro\Debug\Obj\stm8s_tim1.o
#        C:\Users\Administrator\Desktop\software\pro\Debug\Obj\stm8s_tim4.o
#        C:\Users\Administrator\Desktop\software\pro\Debug\Obj\stm8s_uart1.o
#        C:\Users\Administrator\Desktop\software\pro\Debug\Obj\TimeOut.o
#        --redirect _Printf=_PrintfSmall --redirect _Scanf=_ScanfSmall -o
#        C:\Users\Administrator\Desktop\software\pro\Debug\Exe\24l01.out --map
#        C:\Users\Administrator\Desktop\software\pro\Debug\List\24l01.map
#        --config "D:\Program Files (x86)\IAR Systems\Embedded Workbench
#        7.3\stm8\config\lnkstm8s103f3.icf" --config_def _CSTACK_SIZE=0x100
#        --config_def _HEAP_SIZE=0x100 --entry __iar_program_start --debug_lib
#
###############################################################################

*******************************************************************************
*** RUNTIME MODEL ATTRIBUTES
***

__SystemLibrary            = DLib
__code_model               = small
__core                     = stm8
__data_model               = medium
__dlib_file_descriptor     = 0
__dlib_full_locale_support = 0
__rt_version               = 4


*******************************************************************************
*** PLACEMENT SUMMARY
***

"A1":  place at start of [0x000000-0x0000ff] { rw section .vregs };
"A2":  place at end of [0x000000-0x0003ff] { block CSTACK };
"P2":  place in [from 0x000000 to 0x0003ff] {
          block HEAP, rw section __DLIB_PERTHREAD, rw section .far.bss,
          rw section .far.data, rw section .far.noinit,
          rw section .far_func.textrw, rw section .huge.bss,
          rw section .huge.data, rw section .huge.noinit,
          rw section .huge_func.textrw, rw section .iar.dynexit,
          rw section .near.bss, rw section .near.data, rw section .near.noinit,
          rw section .near_func.textrw };
"A3":  place at start of [0x008000-0x009fff] { block INTVEC };
"P3":  place in [from 0x008000 to 0x009fff] {
          ro section __DLIB_PERTHREAD_init, ro section .far.data_init,
          ro section .far_func.textrw_init, ro section .huge.data_init,
          ro section .huge_func.textrw_init, ro section .iar.init_table,
          ro section .init_array, ro section .near.data_init,
          ro section .near.rodata, ro section .near_func.text,
          ro section .near_func.textrw_init, ro section .tiny.data_init,
          ro section .tiny.rodata_init };

  Section            Kind      Address    Size  Object
  -------            ----      -------    ----  ------
"A1":                                     0x10
  .vregs             uninit   0x000000    0x10  vregs.o [4]
                            - 0x000010    0x10

"P2":                                     0x24
  P2-1                        0x000010    0x24  <Init block>
    .near.data       inited   0x000010     0x5  NRF24L01.o [1]
    .near.data       inited   0x000015     0x5  NRF24L01.o [1]
    .near.bss        inited   0x00001a     0xa  app.o [1]
    .near.bss        inited   0x000024     0xa  app.o [1]
    .near.bss        inited   0x00002e     0x2  app.o [1]
    .near.bss        inited   0x000030     0x2  app.o [1]
    .near.bss        inited   0x000032     0x2  TimeOut.o [1]
                            - 0x000034    0x24

"A2":                                    0x100
  CSTACK                      0x000300   0x100  <Block>
    CSTACK           uninit   0x000300   0x100  <Block tail>
                            - 0x000400   0x100

"A3":                                     0x80
  INTVEC                      0x008000    0x80  <Block>
    .intvec          const    0x008000    0x80  interrupt.o [4]
                            - 0x008080    0x80

"P3":                                   0x10fc
  .near_func.text    ro code  0x008080   0x226  stm8s_uart1.o [1]
  .near_func.text    ro code  0x0082a6   0x12b  long.o [4]
  .near_func.text    ro code  0x0083d1   0x114  stm8s_gpio.o [1]
  .near_func.text    ro code  0x0084e5   0x10c  vreg_util.o [4]
  .near_func.text    ro code  0x0085f1    0x9e  stm8s_uart1.o [1]
  .near_func.text    ro code  0x00868f    0x8b  stm8s_clk.o [1]
  .near_func.text    ro code  0x00871a    0x71  NRF24L01.o [1]
  .near_func.text    ro code  0x00878b    0x70  NRF24L01.o [1]
  .near_func.text    ro code  0x0087fb    0x63  NRF24L01.o [1]
  .near_func.text    ro code  0x00885e    0x5e  NRF24L01.o [1]
  .near.rodata       const    0x0088bc    0x5b  stm8s_uart1.o [1]
  .near.rodata       const    0x008917    0x5a  stm8s_gpio.o [1]
  .near.rodata       const    0x008971    0x5a  stm8s_tim4.o [1]
  .near.rodata       const    0x0089cb    0x59  stm8s_clk.o [1]
  .near_func.text    ro code  0x008a24    0x58  NRF24L01.o [1]
  .near_func.text    ro code  0x008a7c    0x57  stm8s_clk.o [1]
  .near_func.text    ro code  0x008ad3    0x52  NRF24L01.o [1]
  .near_func.text    ro code  0x008b25    0x51  stm8s_tim4.o [1]
  .near_func.text    ro code  0x008b76    0x50  NRF24L01.o [1]
  .near_func.text    ro code  0x008bc6    0x50  stm8s_tim4.o [1]
  .near_func.text    ro code  0x008c16    0x4b  app.o [1]
  .near_func.text    ro code  0x008c61    0x49  NRF24L01.o [1]
  .near_func.text    ro code  0x008caa    0x47  long_util.o [4]
  .near_func.text    ro code  0x008cf1    0x41  app.o [1]
  .near.rodata       const    0x008d32    0x3f  app.o [1]
  .near.rodata       const    0x008d71    0x3f  app.o [1]
  .near.rodata       const    0x008db0    0x3e  app.o [1]
  .near_func.text    ro code  0x008dee    0x3e  NRF24L01.o [1]
  .near_func.text    ro code  0x008e2c    0x36  stm8s_uart1.o [1]
  .near_func.text    ro code  0x008e62    0x2f  stm8s_tim4.o [1]
  .near_func.text    ro code  0x008e91    0x2d  stm8s_uart1.o [1]
  .near_func.text    ro code  0x008ebe    0x29  NRF24L01.o [1]
  .near_func.text    ro code  0x008ee7    0x28  app.o [1]
  .near_func.text    ro code  0x008f0f    0x28  init_small.o [4]
  .near_func.text    ro code  0x008f37    0x26  app.o [1]
  .near_func.text    ro code  0x008f5d    0x26  NRF24L01.o [1]
  .near_func.text    ro code  0x008f83    0x25  memcpy.o [4]
  .near_func.text    ro code  0x008fa8    0x25  dc_util.o [4]
  .near_func.text    ro code  0x008fcd    0x24  stm8s_tim4.o [1]
  .near_func.text    ro code  0x008ff1    0x24  stm8s_tim4.o [1]
  Initializer bytes  const    0x009015    0x24  <for P2-1>
  .iar.init_table    const    0x009039     0xa  - Linker created -
  .near_func.text    ro code  0x009043    0x20  app.o [1]
  .near_func.text    ro code  0x009063    0x1c  app.o [1]
  .near_func.text    ro code  0x00907f    0x1b  stm8s_it.o [1]
  .near_func.text    ro code  0x00909a    0x19  stm8s_it.o [1]
  .near_func.text    ro code  0x0090b3    0x17  init.o [4]
  .near_func.text    ro code  0x0090ca    0x14  __dbg_xxexit.o [3]
  .near_func.text    ro code  0x0090de    0x13  cstartup.o [4]
  .near_func.text    ro code  0x0090f1     0xd  stm8s_uart1.o [1]
  .near_func.text    ro code  0x0090fe     0xd  move.o [4]
  .near_func.text    ro code  0x00910b     0x9  NRF24L01.o [1]
  .near_func.text    ro code  0x009114     0x9  stm8s_gpio.o [1]
  .near_func.text    ro code  0x00911d     0x8  main.o [1]
  .near_func.text    ro code  0x009125     0x8  TimeOut.o [1]
  .near_func.text    ro code  0x00912d     0x7  stm8s_gpio.o [1]
  .near_func.text    ro code  0x009134     0x7  stm8s_gpio.o [1]
  .near.rodata       const    0x00913b     0x5  NRF24L01.o [1]
  .near_func.text    ro code  0x009140     0x5  TimeOut.o [1]
  .near_func.text    ro code  0x009145     0x5  short.o [4]
  .near_func.text    ro code  0x00914a     0x5  cexit.o [4]
  .near.rodata       const    0x00914f     0x4  stm8s_clk.o [1]
  .near_func.text    ro code  0x009153     0x4  stm8s_gpio.o [1]
  .near_func.text    ro code  0x009157     0x4  stm8s_uart1.o [1]
  .near_func.text    ro code  0x00915b     0x3  interrupt.o [4]
  .near_func.text    ro code  0x00915e     0x3  low_level_init.o [4]
  .near_func.text    ro code  0x009161     0x3  exit.o [4]
  .near_func.text    ro code  0x009164     0x3  unhandled_exception.o [4]
  .near_func.text    ro code  0x009167     0x2  main.o [1]
  .near_func.text    ro code  0x009169     0x1  stm8s_it.o [1]
  .near_func.text    ro code  0x00916a     0x1  stm8s_it.o [1]
  .near_func.text    ro code  0x00916b     0x1  stm8s_it.o [1]
  .near_func.text    ro code  0x00916c     0x1  stm8s_it.o [1]
  .near_func.text    ro code  0x00916d     0x1  stm8s_it.o [1]
  .near_func.text    ro code  0x00916e     0x1  stm8s_it.o [1]
  .near_func.text    ro code  0x00916f     0x1  stm8s_it.o [1]
  .near_func.text    ro code  0x009170     0x1  stm8s_it.o [1]
  .near_func.text    ro code  0x009171     0x1  stm8s_it.o [1]
  .near_func.text    ro code  0x009172     0x1  stm8s_it.o [1]
  .near_func.text    ro code  0x009173     0x1  stm8s_it.o [1]
  .near_func.text    ro code  0x009174     0x1  stm8s_it.o [1]
  .near_func.text    ro code  0x009175     0x1  stm8s_it.o [1]
  .near_func.text    ro code  0x009176     0x1  stm8s_it.o [1]
  .near_func.text    ro code  0x009177     0x1  stm8s_it.o [1]
  .near_func.text    ro code  0x009178     0x1  stm8s_it.o [1]
  .near_func.text    ro code  0x009179     0x1  stm8s_it.o [1]
  .near_func.text    ro code  0x00917a     0x1  stm8s_it.o [1]
  .near_func.text    ro code  0x00917b     0x1  __dbg_break.o [3]
                            - 0x00917c  0x10fc


*******************************************************************************
*** INIT TABLE
***

          Address   Size
          -------   ----
Copy (__iar_copy_init2)
    1 source range, total size 0x24:
          0x009015  0x24
    1 destination range, total size 0x24:
          0x000010  0x24



*******************************************************************************
*** MODULE SUMMARY
***

    Module                 ro code  ro data  rw data
    ------                 -------  -------  -------
C:\Users\Administrator\Desktop\software\pro\Debug\Obj: [1]
    NRF24L01.o                 891       15       10
    TimeOut.o                   13        2        2
    app.o                      278      212       24
    main.o                      10
    stm8s_clk.o                226       93
    stm8s_gpio.o               303       90
    stm8s_it.o                  70
    stm8s_tim4.o               280       90
    stm8s_uart1.o              824       91
    ------------------------------------------------
    Total:                   2 895      593       36

command line: [2]
    ------------------------------------------------
    Total:

dbgstm8smd.a: [3]
    __dbg_break.o                1
    __dbg_xxexit.o              20
    ------------------------------------------------
    Total:                      21

dlstm8smn.a: [4]
    cexit.o                      5
    cstartup.o                  19
    dc_util.o                   37
    exit.o                       3
    init.o                      23
    init_small.o                40
    interrupt.o                  3      128
    long.o                     299
    long_util.o                 71
    low_level_init.o             3
    memcpy.o                    37
    move.o                      13
    short.o                      5
    unhandled_exception.o        3
    vreg_util.o                268
    vregs.o                                       16
    ------------------------------------------------
    Total:                     829      128       16

    Linker created                       10      256
----------------------------------------------------
    Grand Total:             3 745      731      308


*******************************************************************************
*** ENTRY LIST
***

Entry                    Address   Size  Type      Object
-----                    -------   ----  ----      ------
.iar.init_table$$Base   0x009039          --   Gb  - Linker created -
.iar.init_table$$Limit  0x009043          --   Gb  - Linker created -
?b0                     0x000000         Data  Gb  vregs.o [4]
?b1                     0x000001         Data  Gb  vregs.o [4]
?b10                    0x00000a         Data  Gb  vregs.o [4]
?b11                    0x00000b         Data  Gb  vregs.o [4]
?b12                    0x00000c         Data  Gb  vregs.o [4]
?b13                    0x00000d         Data  Gb  vregs.o [4]
?b14                    0x00000e         Data  Gb  vregs.o [4]
?b15                    0x00000f         Data  Gb  vregs.o [4]
?b2                     0x000002         Data  Gb  vregs.o [4]
?b3                     0x000003         Data  Gb  vregs.o [4]
?b4                     0x000004         Data  Gb  vregs.o [4]
?b5                     0x000005         Data  Gb  vregs.o [4]
?b6                     0x000006         Data  Gb  vregs.o [4]
?b7                     0x000007         Data  Gb  vregs.o [4]
?b8                     0x000008         Data  Gb  vregs.o [4]
?b9                     0x000009         Data  Gb  vregs.o [4]
?dc32_l0                0x008fa8         Code  Gb  dc_util.o [4]
?dc32_l1                0x008fb5         Code  Gb  dc_util.o [4]
?dc32_px                0x008fc2         Code  Gb  dc_util.o [4]
?e0                     0x000001         Data  Gb  vregs.o [4]
?e1                     0x000005         Data  Gb  vregs.o [4]
?e2                     0x000009         Data  Gb  vregs.o [4]
?e3                     0x00000d         Data  Gb  vregs.o [4]
?epilogue_l2            0x008580         Code  Gb  vreg_util.o [4]
?epilogue_l2_l3         0x00857d         Code  Gb  vreg_util.o [4]
?epilogue_l2_w6         0x008584         Code  Gb  vreg_util.o [4]
?epilogue_w4            0x00858b         Code  Gb  vreg_util.o [4]
?l0                     0x000000         Data  Gb  vregs.o [4]
?l1                     0x000004         Data  Gb  vregs.o [4]
?l2                     0x000008         Data  Gb  vregs.o [4]
?l3                     0x00000c         Data  Gb  vregs.o [4]
?load32_0x_l0           0x008ce3         Code  Gb  long_util.o [4]
?load32_asp_l0          0x008cd7         Code  Gb  long_util.o [4]
?load32_dbsp_l0         0x008cd2         Code  Gb  long_util.o [4]
?load32_l0_0x           0x008cba         Code  Gb  long_util.o [4]
?load32_l0_asp          0x008caf         Code  Gb  long_util.o [4]
?load32_l0_dbsp         0x008caa         Code  Gb  long_util.o [4]
?load32_l0_xsp          0x008cb1         Code  Gb  long_util.o [4]
?load32_l1_0x           0x008cc6         Code  Gb  long_util.o [4]
?load32_xsp_l0          0x008cd9         Code  Gb  long_util.o [4]
?mov_e0_e2              0x008599         Code  Gb  vreg_util.o [4]
?mov_e0_e3              0x0085a6         Code  Gb  vreg_util.o [4]
?mov_e1_e0              0x0085b3         Code  Gb  vreg_util.o [4]
?mov_e1_e2              0x0085c0         Code  Gb  vreg_util.o [4]
?mov_e1_e3              0x0085cd         Code  Gb  vreg_util.o [4]
?mov_e2_e0              0x0085da         Code  Gb  vreg_util.o [4]
?mov_e3_e0              0x0085e7         Code  Gb  vreg_util.o [4]
?mov_l0_l2              0x008596         Code  Gb  vreg_util.o [4]
?mov_l0_l3              0x0085a3         Code  Gb  vreg_util.o [4]
?mov_l1_l0              0x0085b0         Code  Gb  vreg_util.o [4]
?mov_l1_l2              0x0085bd         Code  Gb  vreg_util.o [4]
?mov_l1_l3              0x0085ca         Code  Gb  vreg_util.o [4]
?mov_l2_l0              0x0085d7         Code  Gb  vreg_util.o [4]
?mov_l3_l0              0x0085e4         Code  Gb  vreg_util.o [4]
?mov_w1_w5              0x00859c         Code  Gb  vreg_util.o [4]
?mov_w1_w7              0x0085a9         Code  Gb  vreg_util.o [4]
?mov_w2_w1              0x00858f         Code  Gb  vreg_util.o [4]
?mov_w3_w1              0x0085b6         Code  Gb  vreg_util.o [4]
?mov_w3_w5              0x0085c3         Code  Gb  vreg_util.o [4]
?mov_w3_w7              0x0085d0         Code  Gb  vreg_util.o [4]
?mov_w5_w1              0x0085dd         Code  Gb  vreg_util.o [4]
?mov_w7_w1              0x0085ea         Code  Gb  vreg_util.o [4]
?move1616_v_x_y_a       0x0090fe         Code  Gb  move.o [4]
?mul32_l0_l0_0x         0x0082c4         Code  Gb  long.o [4]
?mul32_l0_l0_dl         0x0082c1         Code  Gb  long.o [4]
?mul32_l0_l0_l1         0x0082cd         Code  Gb  long.o [4]
?pop_l0                 0x008549         Code  Gb  vreg_util.o [4]
?pop_l1                 0x008554         Code  Gb  vreg_util.o [4]
?pop_l2                 0x00855f         Code  Gb  vreg_util.o [4]
?pop_l3                 0x00856a         Code  Gb  vreg_util.o [4]
?pop_w4                 0x008502         Code  Gb  vreg_util.o [4]
?pop_w6                 0x008509         Code  Gb  vreg_util.o [4]
?push_l0                0x008518         Code  Gb  vreg_util.o [4]
?push_l1                0x00851d         Code  Gb  vreg_util.o [4]
?push_l2                0x008522         Code  Gb  vreg_util.o [4]
?push_l3                0x008527         Code  Gb  vreg_util.o [4]
?push_w4                0x0084e5         Code  Gb  vreg_util.o [4]
?push_w6                0x0084ea         Code  Gb  vreg_util.o [4]
?sll32_0x_0x_a          0x0083c3         Code  Gb  long.o [4]
?sll32_l0_l0_a          0x0083c0         Code  Gb  long.o [4]
?srl16_x_x_4            0x009145         Code  Gb  short.o [4]
?sub32_l0_l0_0x         0x0082a9         Code  Gb  long.o [4]
?sub32_l0_l0_l1         0x0082a6         Code  Gb  long.o [4]
?udiv32_l0_dl_l1        0x00834b         Code  Gb  long.o [4]
?udiv32_l0_l0_dl        0x008350         Code  Gb  long.o [4]
?udiv32_l0_l0_l1        0x008353         Code  Gb  long.o [4]
?umod32_l1_l0_l1        0x008353         Code  Gb  long.o [4]
?w0                     0x000000         Data  Gb  vregs.o [4]
?w1                     0x000002         Data  Gb  vregs.o [4]
?w2                     0x000004         Data  Gb  vregs.o [4]
?w3                     0x000006         Data  Gb  vregs.o [4]
?w4                     0x000008         Data  Gb  vregs.o [4]
?w5                     0x00000a         Data  Gb  vregs.o [4]
?w6                     0x00000c         Data  Gb  vregs.o [4]
?w7                     0x00000e         Data  Gb  vregs.o [4]
ADC1_IRQHandler         0x009179    0x1  Code  Gb  stm8s_it.o [1]
AWU_IRQHandler          0x00916b    0x1  Code  Gb  stm8s_it.o [1]
App_Handle              0x008c16   0x4b  Code  Gb  app.o [1]
App_Init                0x008cf1   0x41  Code  Gb  app.o [1]
CLK_GetClockFreq        0x008a7c   0x57  Code  Gb  stm8s_clk.o [1]
CLK_IRQHandler          0x00916c    0x1  Code  Gb  stm8s_it.o [1]
CLK_SYSCLKConfig        0x00868f   0x8b  Code  Gb  stm8s_clk.o [1]
CSTACK$$Base            0x000300          --   Gb  - Linker created -
CSTACK$$Limit           0x000400          --   Gb  - Linker created -
Debug_Cfg               0x008f37   0x26  Code  Gb  app.o [1]
Delay                   0x00910b    0x9  Code  Gb  NRF24L01.o [1]
EEPROM_EEC_IRQHandler   0x00917a    0x1  Code  Gb  stm8s_it.o [1]
EXTI_PORTA_IRQHandler   0x00916d    0x1  Code  Gb  stm8s_it.o [1]
EXTI_PORTB_IRQHandler   0x00916e    0x1  Code  Gb  stm8s_it.o [1]
EXTI_PORTC_IRQHandler   0x00916f    0x1  Code  Gb  stm8s_it.o [1]
EXTI_PORTD_IRQHandler   0x009170    0x1  Code  Gb  stm8s_it.o [1]
EXTI_PORTE_IRQHandler   0x009171    0x1  Code  Gb  stm8s_it.o [1]
GPIO_Init               0x0083d1  0x114  Code  Gb  stm8s_gpio.o [1]
GPIO_ReadInputPin       0x009114    0x9  Code  Gb  stm8s_gpio.o [1]
GPIO_WriteHigh          0x00912d    0x7  Code  Gb  stm8s_gpio.o [1]
GPIO_WriteLow           0x009153    0x4  Code  Gb  stm8s_gpio.o [1]
GPIO_WriteReverse       0x009134    0x7  Code  Gb  stm8s_gpio.o [1]
HSIDivFactor            0x00914f    0x4  Data  Gb  stm8s_clk.o [1]
I2C_IRQHandler          0x009178    0x1  Code  Gb  stm8s_it.o [1]
INTVEC$$Base            0x008000          --   Gb  - Linker created -
INTVEC$$Limit           0x008080          --   Gb  - Linker created -
Init_NRF24L01           0x00878b   0x70  Code  Gb  NRF24L01.o [1]
InsBaseNum              0x000032    0x2  Data  Gb  TimeOut.o [1]
NRF24L01_Check          0x008a24   0x58  Code  Gb  NRF24L01.o [1]
NRF24L01_Read_Buf       0x008b76   0x50  Code  Gb  NRF24L01.o [1]
NRF24L01_Read_Reg       0x008f5d   0x26  Code  Gb  NRF24L01.o [1]
NRF24L01_RxPacket       0x008dee   0x3e  Code  Gb  NRF24L01.o [1]
NRF24L01_TxPacket       0x0087fb   0x63  Code  Gb  NRF24L01.o [1]
NRF24L01_Write_Buf      0x008c61   0x49  Code  Gb  NRF24L01.o [1]
NRF24L01_Write_Reg      0x008ebe   0x29  Code  Gb  NRF24L01.o [1]
RX_ADDRESS              0x000015    0x5  Data  Gb  NRF24L01.o [1]
RX_Mode                 0x008ad3   0x52  Code  Gb  NRF24L01.o [1]
Region$$Table$$Base     0x009039          --   Gb  - Linker created -
Region$$Table$$Limit    0x009043          --   Gb  - Linker created -
SPI_IRQHandler          0x009172    0x1  Code  Gb  stm8s_it.o [1]
SPI_ReadWriteByte       0x00871a   0x71  Code  Gb  NRF24L01.o [1]
TIM1_CAP_COM_IRQHandler
                        0x009174    0x1  Code  Gb  stm8s_it.o [1]
TIM1_UPD_OVF_TRG_BRK_IRQHandler
                        0x009173    0x1  Code  Gb  stm8s_it.o [1]
TIM2_CAP_COM_IRQHandler
                        0x009176    0x1  Code  Gb  stm8s_it.o [1]
TIM2_UPD_OVF_BRK_IRQHandler
                        0x009175    0x1  Code  Gb  stm8s_it.o [1]
TIM4_ClearFlag          0x008fcd   0x24  Code  Gb  stm8s_tim4.o [1]
TIM4_ClearITPendingBit  0x008ff1   0x24  Code  Gb  stm8s_tim4.o [1]
TIM4_Cmd                0x008e62   0x2f  Code  Gb  stm8s_tim4.o [1]
TIM4_ITConfig           0x008bc6   0x50  Code  Gb  stm8s_tim4.o [1]
TIM4_TimeBaseInit       0x008b25   0x51  Code  Gb  stm8s_tim4.o [1]
TIM4_UPD_OVF_IRQHandler
                        0x00907f   0x1b  Code  Gb  stm8s_it.o [1]
TLI_IRQHandler          0x00916a    0x1  Code  Gb  stm8s_it.o [1]
TRAP_IRQHandler         0x009169    0x1  Code  Gb  stm8s_it.o [1]
TX_ADDRESS              0x000010    0x5  Data  Gb  NRF24L01.o [1]
TX_Mode                 0x00885e   0x5e  Code  Gb  NRF24L01.o [1]
TimeOutDet_DecHandle    0x009125    0x8  Code  Gb  TimeOut.o [1]
TimeOutDet_Init         0x009140    0x5  Code  Gb  TimeOut.o [1]
Timer_Init              0x009063   0x1c  Code  Lc  app.o [1]
UART1_ClearITPendingBit
                        0x008e2c   0x36  Code  Gb  stm8s_uart1.o [1]
UART1_Cmd               0x0090f1    0xd  Code  Gb  stm8s_uart1.o [1]
UART1_DeInit            0x008e91   0x2d  Code  Gb  stm8s_uart1.o [1]
UART1_GetFlagStatus     0x0085f1   0x9e  Code  Gb  stm8s_uart1.o [1]
UART1_Init              0x008080  0x226  Code  Gb  stm8s_uart1.o [1]
UART1_RX_IRQHandler     0x009177    0x1  Code  Gb  stm8s_it.o [1]
UART1_SendData8         0x009157    0x4  Code  Gb  stm8s_uart1.o [1]
UART1_TX_IRQHandler     0x00909a   0x19  Code  Gb  stm8s_it.o [1]
Uart_Init               0x009043   0x20  Code  Lc  app.o [1]
__DebugBreak            0x00917b    0x1  Code  Gb  __dbg_break.o [3]
__exit                  0x0090ca   0x14  Code  Gb  __dbg_xxexit.o [3]
__iar_copy_init2        0x008f0f         Code  Gb  init_small.o [4]
__iar_data_init2        0x0090b3   0x17  Code  Gb  init.o [4]
__iar_program_start     0x0090de         Code  Gb  cstartup.o [4]
__iar_unhandled_exception
                        0x009164         Code  Gb  unhandled_exception.o [4]
__intvec                0x008000         Data  Gb  interrupt.o [4]
__low_level_init        0x00915e    0x3  Code  Gb  low_level_init.o [4]
_exit                   0x00914a         Code  Gb  cexit.o [4]
_interrupt_1            0x009169         Code  Gb  stm8s_it.o [1]
_interrupt_12           0x009172         Code  Gb  stm8s_it.o [1]
_interrupt_13           0x009173         Code  Gb  stm8s_it.o [1]
_interrupt_14           0x009174         Code  Gb  stm8s_it.o [1]
_interrupt_15           0x009175         Code  Gb  stm8s_it.o [1]
_interrupt_16           0x009176         Code  Gb  stm8s_it.o [1]
_interrupt_19           0x00909a         Code  Gb  stm8s_it.o [1]
_interrupt_2            0x00916a         Code  Gb  stm8s_it.o [1]
_interrupt_20           0x009177         Code  Gb  stm8s_it.o [1]
_interrupt_21           0x009178         Code  Gb  stm8s_it.o [1]
_interrupt_24           0x009179         Code  Gb  stm8s_it.o [1]
_interrupt_25           0x00907f         Code  Gb  stm8s_it.o [1]
_interrupt_26           0x00917a         Code  Gb  stm8s_it.o [1]
_interrupt_3            0x00916b         Code  Gb  stm8s_it.o [1]
_interrupt_4            0x00916c         Code  Gb  stm8s_it.o [1]
_interrupt_5            0x00916d         Code  Gb  stm8s_it.o [1]
_interrupt_6            0x00916e         Code  Gb  stm8s_it.o [1]
_interrupt_7            0x00916f         Code  Gb  stm8s_it.o [1]
_interrupt_8            0x009170         Code  Gb  stm8s_it.o [1]
_interrupt_9            0x009171         Code  Gb  stm8s_it.o [1]
assert_failed           0x009167    0x2  Code  Gb  main.o [1]
delay_ms                0x008ee7   0x28  Code  Gb  app.o [1]
exit                    0x009161    0x3  Code  Gb  exit.o [4]
main                    0x00911d    0x8  Code  Gb  main.o [1]
memcpy                  0x008f83   0x25  Code  Gb  memcpy.o [4]
rx_buf                  0x00001a    0xa  Data  Gb  app.o [1]
tx_buf                  0x000024    0xa  Data  Gb  app.o [1]


[1] = C:\Users\Administrator\Desktop\software\pro\Debug\Obj
[2] = command line
[3] = dbgstm8smd.a
[4] = dlstm8smn.a

  3 745 bytes of readonly  code memory
    731 bytes of readonly  data memory
    308 bytes of readwrite data memory

Errors: none
Warnings: none
